

DATA-FILE  SEVI1PTS.OUT


Name of run: SEVI1


Station=  SEVI , Soil=  1, Crop=  1,    Irr.=  1, IOPT=  1, Runof=0.00, CO2=360.

 Planting on day 100, 1987
 Crop emergence on day   0, 1987
 SEvilla, irrig.,wheat var.1, RUE=3.0                                            

 Crop PRODUCTION AND SOIL WATER STATUS
 =======================================
 DAY   WLVG    WLVD    WST    WSO     TAGB    TSUML   DVS     LAI  TRANRF  SMACT  TRAIN   TIRR  TTRANS   TESOIL    TDRAIN  TRUNOF   WTOT  WAVT   PARAB    PAR    NNI   NMINT    NMIN    NUPT    NFIX    NLIV    NLOSS   
 100     29.      0.     13.      0.     42.      0.   0.00   0.04   1.00   0.30      0.      0.      0.      0.      0.      0.     30.     10.     0.     0.   1.00      0.     30.      0.      0.      4.      0.
 108     29.      0.     13.      0.     42.      0.   0.00   0.04   1.00   0.26      0.     18.      1.     21.      0.      0.     26.      6.     0.    91.   1.00      0.     30.      0.      0.      4.      0.
 110     33.      0.     14.      0.     48.     22.   0.06   0.05   1.00   0.22      0.     18.      1.     26.      0.      0.     24.      2.     1.   115.   1.00      1.     28.      0.      0.      5.      0.
 120     81.      0.     35.      0.    116.    142.   0.41   0.17   1.00   0.28      0.     56.      3.     58.      0.      0.     65.     19.     9.   223.   1.00      9.     21.      0.      2.      7.      0.
 130    390.      0.    167.      0.    556.    267.   0.76   0.94   1.00   0.28      0.     96.     11.     91.      0.      0.    100.     29.    45.   356.   1.00     48.     14.      3.     13.     21.      0.
 140   1206.    107.    563.      8.   1885.    385.   1.04   2.91   1.00   0.27      2.    126.     37.    105.      0.      0.    127.     33.   136.   478.   1.00     49.      6.     10.     39.     52.      1.
 150   1980.    677.   1127.    230.   4014.    513.   1.17   4.49   1.00   0.29      5.    176.     79.    110.      0.      0.    169.     51.   252.   602.   1.00     47.      0.     18.     74.     90.      6.
 160   2642.   1665.   1641.   1517.   7465.    683.   1.35   5.52   1.00   0.28      5.    236.    139.    114.      0.      0.    202.     60.   398.   750.   1.00     38.      0.     27.    110.    126.     16.
 170   2461.   2650.   1948.   3475.  10534.    823.   1.50   4.85   1.00   0.27      5.    276.    190.    116.      0.      0.    225.     59.   544.   899.   1.00     38.      0.     27.    110.    117.     25.
 180   1893.   3667.   1863.   6389.  14197.   1023.   1.71   3.52   1.00   0.29      5.    356.    254.    121.      0.      0.    272.     81.   681.  1040.   1.00     38.      0.     27.    110.    104.     37.
 190   1262.   4426.   1598.   8203.  16223.   1233.   1.93   2.27   1.00   0.28      7.    416.    310.    131.      0.      0.    304.     89.   800.  1173.   1.00     38.      0.     27.    110.     94.     47.
 195   1041.   4648.   1475.   8311.  16334.   1317.   2.02   1.87   1.00   0.31     47.    426.    327.    138.      0.      0.    344.    120.   839.  1221.   1.00     38.      0.     27.    110.     91.     50.


DATA-FILE  SEVI1PTS.OUT


Name of run: SEVI1


Station=  SEVI , Soil=  1, Crop=  1,    Irr.=  1, IOPT=  1, Runof=0.00, CO2=360.

 Planting on day 100, 1988
 Crop emergence on day   0, 1988
 SEvilla, irrig.,wheat var.1, RUE=3.0                                            

 Crop PRODUCTION AND SOIL WATER STATUS
 =======================================
 DAY   WLVG    WLVD    WST    WSO     TAGB    TSUML   DVS     LAI  TRANRF  SMACT  TRAIN   TIRR  TTRANS   TESOIL    TDRAIN  TRUNOF   WTOT  WAVT   PARAB    PAR    NNI   NMINT    NMIN    NUPT    NFIX    NLIV    NLOSS   
 100     29.      0.     13.      0.     42.      0.   0.00   0.04   1.00   0.30      0.      0.      0.      0.      0.      0.     30.     10.     0.     0.   1.00      0.     30.      0.      0.      4.      1.
 108     29.      0.     13.      0.     42.      0.   0.00   0.04   1.00   0.28      6.      0.      0.      9.      0.      0.     56.     17.     0.    66.   1.00      0.     30.      0.      0.      4.      1.
 110     29.      0.     13.      0.     42.      0.   0.00   0.04   1.00   0.28      6.      0.      0.     11.      0.      0.     61.     17.     0.    90.   1.00      0.     30.      0.      0.      4.      1.
 115     29.      0.     13.      0.     42.      0.   0.00   0.04   1.00   0.31     22.      0.      1.     19.      0.      0.     86.     30.     0.   137.   1.00      0.     30.      0.      0.      4.      1.
 120     36.      0.     15.      0.     52.     29.   0.08   0.05   1.00   0.29     29.      0.      1.     29.      0.      0.    100.     32.     2.   192.   1.00      4.     26.      0.      1.      5.      1.
 130     78.      0.     34.      0.    112.    126.   0.36   0.14   1.00   0.27     38.      0.      3.     48.      0.      0.    125.     33.    10.   308.   1.00     46.     19.      1.      3.      7.      1.
 140    379.      0.    163.      0.    542.    283.   0.81   0.89   1.00   0.28     38.     50.     12.     85.      0.      0.    165.     49.    40.   432.   1.00     50.     11.      3.     13.     20.      1.
 150   1472.    238.    727.    122.   2559.    458.   1.14   3.37   1.00   0.29     38.    110.     49.    105.      0.      0.    204.     64.   133.   555.   1.00     49.      4.     12.     49.     63.      3.
 160   1981.    912.   1151.    736.   4781.    602.   1.29   4.24   1.00   0.30     60.    140.     91.    109.      0.      0.    247.     83.   242.   669.   1.00     44.      0.     21.     85.    102.      9.
 170   2145.   1844.   1496.   2733.   8218.    783.   1.49   4.23   1.00   0.28     60.    180.    150.    112.      0.      0.    260.     72.   379.   810.   1.00     43.      0.     22.     89.     98.     18.
 180   1751.   2648.   1493.   5145.  11309.    945.   1.66   3.26   1.00   0.28     60.    240.    201.    118.      0.      0.    300.     88.   510.   948.   1.00     43.      0.     22.     89.     89.     28.
 190   1254.   3365.   1351.   7530.  14061.   1149.   1.87   2.22   1.00   0.29     60.    320.    258.    130.      0.      0.    347.    111.   636.  1089.   1.00     43.      0.     22.     89.     80.     36.
 198    920.   3711.   1180.   7957.  14509.   1282.   2.01   1.62   1.00   0.28     60.    340.    288.    141.      0.      0.    332.     92.   708.  1180.   1.00     43.      0.     22.     89.     75.     41.


DATA-FILE  SEVI1PTS.OUT


Name of run: SEVW2


Station=  SEVI , Soil=  1, Crop=  1,    Irr.=  0, IOPT=  2, Runof=0.00, CO2=360.

 Planting on day 100, 1987
 Crop emergence on day   0, 1987
 Sevilla, water limit.,wheat var.1, RUE=3.0                                      

 Crop PRODUCTION AND SOIL WATER STATUS
 =======================================
 DAY   WLVG    WLVD    WST    WSO     TAGB    TSUML   DVS     LAI  TRANRF  SMACT  TRAIN   TIRR  TTRANS   TESOIL    TDRAIN  TRUNOF   WTOT  WAVT   PARAB    PAR    NNI   NMINT    NMIN    NUPT    NFIX    NLIV    NLOSS   
 100     29.      0.     13.      0.     42.      0.   0.00   0.04   1.00   0.30      0.      0.      0.      0.      0.      0.     30.     10.     0.     0.   1.00      0.     30.      0.      0.      4.      1.
 108     29.      0.     13.      0.     42.      0.   0.00   0.04   0.00   0.18      0.      0.      0.     12.      0.      0.     18.     -2.     0.    91.   1.00      0.     30.      0.      0.      4.      1.
 110     27.      3.     13.      0.     42.     22.   0.06   0.04   0.00   0.15      0.      0.      0.     14.      0.      0.     15.     -5.     1.   115.   1.00      0.     30.      0.      0.      4.      1.
 120     16.     14.     13.      0.     42.    142.   0.41   0.02   0.00   0.15      0.      0.      0.     15.      0.      0.     15.     -5.     3.   223.   1.00      0.     30.      0.      0.      4.      1.
 130     10.     20.     13.      0.     42.    267.   0.76   0.01   0.00   0.15      0.      0.      0.     15.      0.      0.     15.     -5.     5.   356.   1.00     35.     30.      0.      0.      4.      1.
 140      6.     24.     13.      0.     42.    385.   1.04   0.01   0.00   0.15      2.      0.      0.     17.      0.      0.     15.     -5.     6.   478.   1.00     35.     30.      0.      0.      4.      1.
 150      3.     26.     13.      0.     42.    513.   1.17   0.00   0.00   0.15      5.      0.      0.     20.      0.      0.     15.     -5.     7.   602.   1.00     35.     30.      0.      0.      4.      1.
 160      2.     27.     13.      0.     42.    683.   1.35   0.00   0.00   0.15      5.      0.      0.     20.      0.      0.     15.     -5.     7.   750.   1.00     35.     30.      0.      0.      4.      1.
 170      1.     28.     13.      0.     42.    823.   1.50   0.00   0.00   0.15      5.      0.      0.     20.      0.      0.     15.     -5.     8.   899.   1.00     35.     30.      0.      0.      4.      1.
 180      1.     29.     10.      0.     42.   1023.   1.71   0.00   0.00   0.15      5.      0.      0.     20.      0.      0.     15.     -5.     8.  1040.   1.00     35.     30.      0.      0.      4.      1.
 190      0.     29.      8.      0.     42.   1233.   1.93   0.00   0.00   0.15      7.      0.      0.     22.      0.      0.     15.     -5.     8.  1173.   1.00     35.     30.      0.      0.      3.      1.
 195      0.     29.      8.      0.     42.   1317.   2.02   0.00   1.00   0.34     47.      0.      0.     42.      0.      0.     34.     14.     8.  1221.   1.00     35.     30.      0.      0.      3.      1.


DATA-FILE  SEVI1PTS.OUT


Name of run: SEVW2


Station=  SEVI , Soil=  1, Crop=  1,    Irr.=  0, IOPT=  2, Runof=0.00, CO2=360.

 Planting on day 100, 1988
 Crop emergence on day   0, 1988
 Sevilla, water limit.,wheat var.1, RUE=3.0                                      

 Crop PRODUCTION AND SOIL WATER STATUS
 =======================================
 DAY   WLVG    WLVD    WST    WSO     TAGB    TSUML   DVS     LAI  TRANRF  SMACT  TRAIN   TIRR  TTRANS   TESOIL    TDRAIN  TRUNOF   WTOT  WAVT   PARAB    PAR    NNI   NMINT    NMIN    NUPT    NFIX    NLIV    NLOSS   
 100     29.      0.     13.      0.     42.      0.   0.00   0.04   1.00   0.30      0.      0.      0.      0.      0.      0.     30.     10.     0.     0.   1.00      0.     30.      0.      0.      4.      0.
 108     29.      0.     13.      0.     42.      0.   0.00   0.04   1.00   0.28      6.      0.      0.      9.      0.      0.     56.     17.     0.    66.   1.00      0.     30.      0.      0.      4.      0.
 110     29.      0.     13.      0.     42.      0.   0.00   0.04   1.00   0.28      6.      0.      0.     11.      0.      0.     61.     17.     0.    90.   1.00      0.     30.      0.      0.      4.      0.
 115     29.      0.     13.      0.     42.      0.   0.00   0.04   1.00   0.31     22.      0.      1.     19.      0.      0.     86.     30.     0.   137.   1.00      0.     30.      0.      0.      4.      0.
 120     36.      0.     15.      0.     52.     29.   0.08   0.05   1.00   0.29     29.      0.      1.     29.      0.      0.    100.     32.     2.   192.   1.00      4.     26.      0.      0.      5.      0.
 130     78.      0.     34.      0.    112.    126.   0.36   0.14   1.00   0.27     38.      0.      3.     48.      0.      0.    125.     33.    10.   308.   1.00     46.     19.      1.      2.      7.      0.
 140    324.     10.    143.      0.    477.    283.   0.81   0.75   0.70   0.24     38.      0.     11.     64.      0.      0.    138.     22.    39.   432.   1.00     51.     11.      3.     11.     19.      0.
 150    636.    173.    345.     33.   1188.    458.   1.14   1.47   1.00   0.22     38.      0.     24.     71.      0.      0.    154.     14.   113.   555.   1.00     55.      4.      6.     23.     32.      2.
 160    783.    446.    493.    262.   1984.    602.   1.29   1.70   0.52   0.23     60.      0.     38.     78.      0.      0.    191.     27.   195.   669.   1.00     56.      0.      9.     34.     43.      4.
 170    749.    798.    588.    796.   2931.    783.   1.49   1.52   0.27   0.22     60.      0.     53.     87.      0.      0.    203.     15.   300.   810.   1.00     56.      0.      9.     36.     42.      7.
 180    549.   1067.    531.   1191.   3440.    945.   1.66   1.08   0.19   0.21     60.      0.     61.     93.      0.      0.    225.     13.   389.   948.   1.00     56.      0.      9.     36.     38.     11.
 190    357.   1281.    447.   1423.   3709.   1149.   1.87   0.69   0.15   0.21     60.      0.     66.    101.      0.      0.    248.     12.   462.  1089.   1.00     56.      0.      9.     36.     35.     14.
 198    260.   1379.    389.   1455.   3743.   1282.   2.01   0.50   0.08   0.21     60.      0.     68.    106.      0.      0.    247.      7.   496.  1180.   1.00     56.      0.      9.     36.     34.     15.


DATA-FILE  SEVI1PTS.OUT


Name of run: SEVN3


Station=  SEVI , Soil=  1, Crop=  1,    Irr.=  0, IOPT=  3, Runof=0.00, CO2=360.

 Planting on day 100, 1987
 Crop emergence on day   0, 1987
 Sevilla, water and N limit., wheat var.1, RUE=3.0                               

 Crop PRODUCTION AND SOIL WATER STATUS
 =======================================
 DAY   WLVG    WLVD    WST    WSO     TAGB    TSUML   DVS     LAI  TRANRF  SMACT  TRAIN   TIRR  TTRANS   TESOIL    TDRAIN  TRUNOF   WTOT  WAVT   PARAB    PAR    NNI   NMINT    NMIN    NUPT    NFIX    NLIV    NLOSS   
 100     29.      0.     13.      0.     42.      0.   0.00   0.04   1.00   0.30      0.      0.      0.      0.      0.      0.     30.     10.     0.     0.   0.00      0.     30.      0.      0.      4.      0.
 108     29.      0.     13.      0.     42.      0.   0.00   0.04   0.00   0.18      0.      0.      0.     12.      0.      0.     18.     -2.     0.    91.   0.90      0.     30.      0.      0.      4.      0.
 110     26.      3.     13.      0.     42.     22.   0.06   0.04   0.00   0.15      0.      0.      0.     14.      0.      0.     15.     -5.     1.   115.   1.00      0.     30.      0.      0.      4.      0.
 120     16.     14.     13.      0.     42.    142.   0.41   0.02   0.00   0.15      0.      0.      0.     15.      0.      0.     15.     -5.     3.   223.   1.00      0.     30.      0.      0.      4.      0.
 130      9.     20.     13.      0.     42.    267.   0.76   0.01   0.00   0.15      0.      0.      0.     15.      0.      0.     15.     -5.     5.   356.   1.00     35.     30.      0.      0.      4.      0.
 140      6.     24.     13.      0.     42.    385.   1.04   0.01   0.00   0.15      2.      0.      0.     17.      0.      0.     15.     -5.     6.   478.   1.00     35.     30.      0.      0.      4.      0.
 150      3.     26.     13.      0.     42.    513.   1.17   0.00   0.00   0.15      5.      0.      0.     20.      0.      0.     15.     -5.     7.   602.   1.00     35.     30.      0.      0.      4.      0.
 160      2.     27.     13.      0.     42.    683.   1.35   0.00   0.00   0.15      5.      0.      0.     20.      0.      0.     15.     -5.     7.   750.   1.00     35.     30.      0.      0.      4.      0.
 170      1.     28.     13.      0.     42.    823.   1.50   0.00   0.00   0.15      5.      0.      0.     20.      0.      0.     15.     -5.     7.   899.   1.00     35.     30.      0.      0.      4.      0.
 180      1.     29.     10.      0.     42.   1023.   1.71   0.00   0.00   0.15      5.      0.      0.     20.      0.      0.     15.     -5.     8.  1040.   1.00     35.     30.      0.      0.      4.      1.
 190      0.     29.      8.      0.     42.   1233.   1.93   0.00   0.00   0.15      7.      0.      0.     22.      0.      0.     15.     -5.     8.  1173.   1.00     35.     30.      0.      0.      4.      1.
 195      0.     29.      8.      0.     42.   1317.   2.02   0.00   1.00   0.34     47.      0.      0.     42.      0.      0.     34.     14.     8.  1221.   1.00     35.     30.      0.      0.      4.      1.


DATA-FILE  SEVI1PTS.OUT


Name of run: SEVN3


Station=  SEVI , Soil=  1, Crop=  1,    Irr.=  0, IOPT=  3, Runof=0.00, CO2=360.

 Planting on day 100, 1988
 Crop emergence on day   0, 1988
 Sevilla, water and N limit., wheat var.1, RUE=3.0                               

 Crop PRODUCTION AND SOIL WATER STATUS
 =======================================
 DAY   WLVG    WLVD    WST    WSO     TAGB    TSUML   DVS     LAI  TRANRF  SMACT  TRAIN   TIRR  TTRANS   TESOIL    TDRAIN  TRUNOF   WTOT  WAVT   PARAB    PAR    NNI   NMINT    NMIN    NUPT    NFIX    NLIV    NLOSS   
 100     29.      0.     13.      0.     42.      0.   0.00   0.04   1.00   0.30      0.      0.      0.      0.      0.      0.     30.     10.     0.     0.   0.00      0.     30.      0.      0.      4.      0.
 108     29.      0.     13.      0.     42.      0.   0.00   0.04   1.00   0.28      6.      0.      0.      9.      0.      0.     56.     17.     0.    66.   0.00      0.     30.      0.      0.      4.      0.
 110     29.      0.     13.      0.     42.      0.   0.00   0.04   1.00   0.28      6.      0.      0.     11.      0.      0.     61.     17.     0.    90.   0.00      0.     30.      0.      0.      4.      0.
 115     29.      0.     13.      0.     42.      0.   0.00   0.04   1.00   0.31     22.      0.      1.     19.      0.      0.     86.     30.     0.   137.   1.00      0.     30.      0.      0.      4.      0.
 120     36.      0.     16.      0.     51.     29.   0.08   0.05   1.00   0.29     29.      0.      1.     29.      0.      0.    100.     32.     2.   192.   0.96      4.     26.      0.      0.      5.      0.
 130     73.      1.     35.      0.    109.    126.   0.36   0.13   1.00   0.27     38.      0.      3.     48.      0.      0.    125.     33.     9.   308.   0.90     46.     19.      0.      2.      7.      0.
 140    241.     17.    140.      0.    398.    283.   0.81   0.53   0.74   0.24     38.      0.      9.     64.      0.      0.    139.     23.    33.   432.   0.88     52.     11.      2.      9.     15.      0.
 150    515.    161.    318.     31.   1025.    458.   1.14   1.12   1.00   0.22     38.      0.     20.     73.      0.      0.    155.     15.    92.   555.   0.92     56.      4.      5.     19.     27.      2.
 160    662.    407.    461.    247.   1777.    602.   1.29   1.36   0.54   0.23     60.      0.     33.     81.      0.      0.    192.     28.   164.   669.   0.89     58.      0.      7.     29.     37.      4.
 170    543.    820.    548.    737.   2648.    783.   1.49   1.07   0.28   0.22     60.      0.     47.     93.      0.      0.    203.     15.   256.   810.   0.33     57.      0.      8.     31.     36.      8.
 180    257.   1137.    511.   1042.   3043.    945.   1.66   0.61   0.19   0.21     60.      0.     53.    101.      0.      0.    225.     13.   323.   948.   0.15     57.      0.      8.     31.     32.     12.
 190    102.   1297.    431.   1163.   3184.   1149.   1.87   0.34   0.15   0.21     60.      0.     56.    111.      0.      0.    248.     12.   367.  1089.   0.08     57.      0.      8.     31.     30.     14.
 198     52.   1347.    374.   1169.   3190.   1282.   2.01   0.23   0.08   0.21     60.      0.     57.    118.      0.      0.    246.      6.   386.  1180.   0.05     57.      0.      8.     31.     29.     15.
