


*** RESULTS OF CROP GROWTH MODEL LINTUL4 *** SUMMARY OF OUTPUT FOR CROP GROWTH, YIELD, WATER BALANCE AND NITROGEN UPTAKE, AND STATISTICS ***

Name of run: SEVI1, Station= SEVI , Soil=   1, Crop=   1, Irr.=   1, IOPT=   1, Runof= 0.00, CO2= 360.
 SEvilla, irrig.,wheat var.1, RUE=3.0                                            


YEAR    PL   EMERG FLOW  HALT    WSO     TAGB   HI  PARAB  RUE   DWAV RAIN  ESOIL   TRANS DRAIN RUNOF  IRR   WUE  NUPT  NFIX    NLIV   NLOSS   NUE    TRANRF   NNI  
1987   100   108   137   195     8311.  16334. 0.51  839.  1.95   -8.   47.  138.   327.    0.    0.  426.  3.51   27.4  109.6   91.4   50.0  126.9   1.00   1.00
1988   100   115   145   198     7957.  14509. 0.55  708.  2.05   28.   60.  141.   288.    0.    0.  340.  3.38   22.3   89.3   75.1   41.0  137.8   1.00   1.00

 MEANS over   2 years  :
       100.  112.  141.  196.    8134.  15421. 0.53  773.  2.00   10.   54.  139.   308.    0.    0.  383.  3.45   24.9   99.5   83.3   45.5  132.4   1.00   1.00
 STANDARD DEVIATIONS  :
         0.    0.    0.    0.       0.      0. 0.00    0.  0.00    0.    0.    0.     0.    0.    0.    0.  0.00    0.0    0.0    0.0    0.0    0.0   0.00   0.00
 VARIATION COEFFICIENTS (%)  : 
        0.0   0.0   0.0   0.0      0.0     0.0  0.0   0.0   0.0   0.0   0.0   0.0    0.0   0.0   0.0   0.0   0.0    0.0    0.0    0.0    0.0    0.0   0.00   0.00



*** RESULTS OF CROP GROWTH MODEL LINTUL4 *** SUMMARY OF OUTPUT FOR CROP GROWTH, YIELD, WATER BALANCE AND NITROGEN UPTAKE, AND STATISTICS ***

Name of run: SEVW2, Station= SEVI , Soil=   1, Crop=   1, Irr.=   0, IOPT=   2, Runof= 0.00, CO2= 360.
 Sevilla, water limit.,wheat var.1, RUE=3.0                                      


YEAR    PL   EMERG FLOW  HALT    WSO     TAGB   HI  PARAB  RUE   DWAV RAIN  ESOIL   TRANS DRAIN RUNOF  IRR   WUE  NUPT  NFIX    NLIV   NLOSS   NUE    TRANRF   NNI  
1987   100   108   137   195        0.     42. 0.00    8.  0.54   -4.   47.   42.     0.    0.    0.    0.  0.10    0.0    0.0    3.5    1.0   19.6   0.02   1.00
1988   100   115   145   198     1455.   3743. 0.39  496.  0.75  113.   60.  106.    68.    0.    0.    0.  2.15    9.0   36.0   34.0   15.5   89.5   0.53   1.00

 MEANS over   2 years  :
       100.  112.  141.  196.     728.   1893. 0.19  252.  0.65   54.   54.   74.    34.    0.    0.    0.  1.13    4.5  117.4   18.7    8.2   54.6   0.27   1.00
 STANDARD DEVIATIONS  :
         0.    0.    0.    0.       0.      0. 0.00    0.  0.00    0.    0.    0.     0.    0.    0.    0.  0.00    0.0    0.0    0.0    0.0    0.0   0.00   0.00
 VARIATION COEFFICIENTS (%)  : 
        0.0   0.0   0.0   0.0      0.0     0.0  0.0   0.0   0.0   0.0   0.0   0.0    0.0   0.0   0.0   0.0   0.0    0.0    0.0    0.0    0.0    0.0   0.00   0.00



*** RESULTS OF CROP GROWTH MODEL LINTUL4 *** SUMMARY OF OUTPUT FOR CROP GROWTH, YIELD, WATER BALANCE AND NITROGEN UPTAKE, AND STATISTICS ***

Name of run: SEVN3, Station= SEVI , Soil=   1, Crop=   1, Irr.=   0, IOPT=   3, Runof= 0.00, CO2= 360.
 Sevilla, water and N limit., wheat var.1, RUE=3.0                               


YEAR    PL   EMERG FLOW  HALT    WSO     TAGB   HI  PARAB  RUE   DWAV RAIN  ESOIL   TRANS DRAIN RUNOF  IRR   WUE  NUPT  NFIX    NLIV   NLOSS   NUE    TRANRF   NNI  
1987   100   108   137   195        0.     42. 0.00    8.  0.54   -4.   47.   42.     0.    0.    0.    0.  0.10    0.0    0.0    3.9    0.6   19.6   0.02   1.00
1988   100   115   145   198     1169.   3190. 0.37  386.  0.83  114.   60.  118.    57.    0.    0.    0.  1.83    7.8   31.2   28.5   14.9   86.7   0.54   0.62

 MEANS over   2 years  :
       100.  112.  141.  196.     584.   1616. 0.18  197.  0.68   55.   54.   80.    28.    0.    0.    0.  0.96    3.9  133.0   16.2    7.8   53.1   0.28   0.81
 STANDARD DEVIATIONS  :
         0.    0.    0.    0.       0.      0. 0.00    0.  0.00    0.    0.    0.     0.    0.    0.    0.  0.00    0.0    0.0    0.0    0.0    0.0   0.00   0.00
 VARIATION COEFFICIENTS (%)  : 
        0.0   0.0   0.0   0.0      0.0     0.0  0.0   0.0   0.0   0.0   0.0   0.0    0.0   0.0   0.0   0.0   0.0    0.0    0.0    0.0    0.0    0.0   0.00   0.00
