

DATA-FILE  WAGI1PTS.OUT


Name of run: WAGI1


Station=  WAGE , Soil=  1, Crop=  1,    Irr.=  1, IOPT=  1, Runof=0.00, CO2=370.

 Planting on day   0, 1969
 Crop emergence on day   1, 1969
 Wageningen, irrig.,wheat var.1, RUE=3.0                                         

 Crop PRODUCTION AND SOIL WATER STATUS
 =======================================
 DAY   WLVG    WLVD    WST    WSO     TAGB    TSUML   DVS     LAI  TRANRF  SMACT  TRAIN   TIRR  TTRANS   TESOIL    TDRAIN  TRUNOF   WTOT  WAVT   PARAB    PAR    NNI   NMINT    NMIN    NUPT    NFIX    NLIV    NLOSS   
   1     68.      0.     37.      0.    105.      0.   0.00   0.14   1.00   0.30      0.      0.      0.      0.      0.      0.     30.     10.     0.     0.   1.00      0.     30.      0.      0.      8.      0.
  11     68.      0.     37.      0.    105.     13.   0.01   0.16   1.00   0.32      4.      3.      0.      1.      0.      0.     67.     26.     1.     7.   1.00      7.     22.      0.      0.      8.      0.
  21     70.      0.     38.      0.    108.     59.   0.06   0.23   1.00   0.35     19.      3.      0.      2.      0.      0.    114.     49.     1.    14.   1.00     15.     15.      0.      0.      8.      0.
  31     76.      0.     41.      0.    118.    125.   0.12   0.40   1.00   0.35     34.      3.      1.      4.      0.      0.    155.     65.     3.    23.   1.00     22.      8.      0.      0.      8.      0.
  41     80.      0.     43.      0.    123.    148.   0.14   0.49   1.00   0.35     53.      3.      2.      7.      0.      0.    199.     85.     8.    43.   1.00     30.      0.      0.      0.      9.      0.
  51     80.      0.     43.      0.    123.    148.   0.14   0.49   1.00   0.35     75.      3.      2.      8.      6.      0.    241.    103.    14.    68.   1.00     30.      0.      0.      0.      9.      0.
  61     89.      0.     47.      0.    136.    168.   0.16   0.57   1.00   0.35     80.      3.      3.     11.      9.      0.    281.    119.    20.    89.   1.00     29.      0.      1.      0.      9.      0.
  71     90.      0.     48.      0.    139.    192.   0.18   0.69   1.00   0.35     85.      3.      5.     13.      9.      0.    324.    139.    34.   134.   1.00     29.      0.      1.      0.      9.      0.
  81     99.      0.     52.      0.    152.    221.   0.21   0.79   1.00   0.35    119.      3.      7.     17.     38.      0.    365.    155.    44.   160.   1.00     28.      0.      2.      0.     10.      0.
  91    105.      0.     55.      0.    159.    245.   0.23   0.80   1.00   0.35    137.      3.     10.     21.     48.      0.    409.    175.    61.   205.   1.00     28.      0.      2.      0.     10.      0.
 101    408.      0.    201.      0.    609.    339.   0.32   1.44   1.00   0.34    139.      3.     19.     30.     48.      0.    421.    171.    95.   285.   1.00     11.      0.     19.      0.     27.      0.
 111    495.      0.    254.      0.    748.    394.   0.38   1.63   1.00   0.35    184.      3.     28.     38.     62.      0.    434.    184.   133.   347.   1.00      4.      0.     26.      0.     34.      0.
 121    907.      0.    570.      0.   1477.    486.   0.46   2.50   1.00   0.34    212.      3.     40.     46.     76.      0.    429.    179.   186.   421.   1.00    -17.      0.     47.      0.     56.      0.
 131   1515.      0.   1262.      0.   2777.    613.   0.58   3.79   1.00   0.34    227.      3.     57.     50.     76.      0.    422.    172.   240.   486.   1.00    -10.      0.     75.      0.     83.      0.
 141   1933.     54.   2286.      0.   4274.    749.   0.71   4.66   1.00   0.34    259.      3.     82.     54.     76.      0.    426.    176.   302.   553.   1.00    -31.      0.     96.      0.    105.      0.
 151   2196.    201.   4169.      0.   6566.    884.   0.84   5.18   1.00   0.33    276.      3.    111.     57.     76.      0.    410.    160.   389.   644.   1.00    -50.      0.    115.      0.    122.      1.
 161   2114.    378.   6216.      0.   8708.   1004.   0.96   4.96   1.00   0.33    316.      3.    141.     60.     80.      0.    414.    164.   468.   728.   1.00    -62.      0.    127.      0.    134.      2.
 171   1629.    863.   6858.   2526.  11875.   1182.   1.13   3.83   1.00   0.31    331.      3.    184.     63.     80.      0.    382.    132.   575.   842.   1.00    -71.      0.    136.      0.    140.      3.
 181   1210.   1282.   6858.   4366.  13715.   1331.   1.28   2.84   1.00   0.30    346.      3.    205.     68.     80.      0.    371.    121.   636.   912.   1.00    -85.      0.    150.      0.    153.      5.
 191    881.   1610.   6858.   6288.  15638.   1492.   1.44   2.07   1.00   0.29    366.      3.    228.     75.     80.      0.    361.    111.   704.  1001.   1.00    -88.      0.    153.      0.    155.      6.
 201    637.   1854.   6075.   7489.  16838.   1658.   1.61   1.50   1.00   0.27    376.      3.    246.     84.     80.      0.    344.     94.   759.  1084.   1.00    -88.      0.    153.      0.    152.      9.
 211    430.   2062.   4964.   8246.  17595.   1873.   1.82   1.01   1.00   0.28    389.     34.    266.    101.     80.      0.    352.    102.   808.  1177.   1.00    -88.      0.    153.      0.    149.     13.
 221    305.   2186.   4139.   8504.  17854.   2057.   2.01   0.72   1.00   0.29    406.     64.    277.    118.     80.      0.    369.    119.   843.  1264.   1.00    -88.      0.    153.      0.    146.     15.


DATA-FILE  WAGI1PTS.OUT


Name of run: WAGI1


Station=  WAGE , Soil=  1, Crop=  1,    Irr.=  1, IOPT=  1, Runof=0.00, CO2=370.

 Planting on day   0, 1970
 Crop emergence on day   1, 1970
 Wageningen, irrig.,wheat var.1, RUE=3.0                                         

 Crop PRODUCTION AND SOIL WATER STATUS
 =======================================
 DAY   WLVG    WLVD    WST    WSO     TAGB    TSUML   DVS     LAI  TRANRF  SMACT  TRAIN   TIRR  TTRANS   TESOIL    TDRAIN  TRUNOF   WTOT  WAVT   PARAB    PAR    NNI   NMINT    NMIN    NUPT    NFIX    NLIV    NLOSS   
   1     68.      0.     37.      0.    105.      0.   0.00   0.14   1.00   0.30      0.      0.      0.      0.      0.      0.     30.     10.     0.     0.   1.00      0.     30.      0.      0.      8.      0.
  11     68.      0.     37.      0.    105.      1.   0.00   0.15   1.00   0.35     13.      0.      0.      2.      0.      0.     72.     31.     1.     9.   1.00      7.     22.      1.      0.      9.      0.
  21     69.      0.     37.      0.    106.     27.   0.03   0.18   1.00   0.34     18.      0.      0.      2.      0.      0.    112.     46.     2.    17.   1.00     14.     15.      1.      0.      9.      0.
  31     70.      0.     38.      0.    107.     52.   0.05   0.22   1.00   0.35     42.      0.      0.      3.      0.      0.    155.     65.     3.    27.   1.00     22.      8.      1.      0.      9.      0.
  41     71.      0.     38.      0.    109.     69.   0.07   0.25   1.00   0.35     75.      0.      1.      6.      6.      0.    199.     85.     5.    47.   1.00     29.      0.      1.      0.      9.      0.
  51     71.      0.     38.      0.    109.     72.   0.07   0.26   1.00   0.35    102.      0.      1.      7.     31.      0.    241.    103.     9.    71.   1.00     29.      0.      1.      0.      9.      0.
  61     75.      0.     40.      0.    115.    101.   0.10   0.33   1.00   0.35    148.      0.      2.     12.     72.      0.    283.    121.    12.    92.   1.00     29.      0.      1.      0.      9.      0.
  71     75.      0.     40.      0.    115.    106.   0.10   0.35   1.00   0.35    155.      0.      2.     15.     75.      0.    324.    139.    20.   135.   1.00     29.      0.      1.      0.      9.      0.
  81     86.      0.     46.      0.    132.    145.   0.14   0.47   1.00   0.35    165.      0.      3.     20.     79.      0.    367.    157.    26.   166.   1.00     29.      0.      1.      0.      9.      0.
  91    104.      0.     55.      0.    159.    185.   0.18   0.65   1.00   0.35    202.      0.      6.     28.    105.      0.    409.    175.    39.   212.   1.00     28.      0.      2.      0.     11.      0.
 101    105.      0.     56.      0.    161.    208.   0.20   0.76   1.00   0.35    240.      0.      9.     36.    133.      0.    438.    187.    57.   262.   1.00     27.      0.      3.      0.     11.      0.
 111    241.      0.    116.      0.    358.    290.   0.28   1.05   1.00   0.35    254.      0.     14.     45.    137.      0.    432.    182.    78.   313.   1.00     18.      0.     12.      0.     20.      0.
 121    420.      0.    214.      0.    634.    369.   0.35   1.43   1.00   0.35    286.      0.     21.     56.    148.      0.    436.    186.   106.   367.   1.00      9.      0.     21.      0.     29.      0.
 131   1188.      0.    799.      0.   1986.    501.   0.48   3.06   1.00   0.34    291.      0.     37.     61.    148.      0.    419.    169.   164.   451.   1.00      5.      0.     60.      0.     68.      0.
 141   2003.     27.   1841.      0.   3871.    636.   0.61   4.78   1.00   0.32    297.      0.     58.     64.    148.      0.    402.    152.   237.   531.   1.00    -36.      0.    101.      0.    109.      0.
 151   2365.    215.   3174.      0.   5753.    757.   0.72   5.50   1.00   0.31    306.      0.     84.     66.    148.      0.    383.    133.   312.   610.   1.00    -59.      0.    124.      0.    131.      1.
 161   2529.    525.   5642.      0.   8697.    923.   0.88   5.79   1.00   0.30    307.     30.    127.     67.    148.      0.    369.    119.   424.   726.   1.00    -80.      0.    145.      0.    151.      2.
 171   2178.    939.   7875.   1033.  12024.   1092.   1.04   4.98   1.00   0.29    315.     60.    167.     69.    148.      0.    366.    116.   537.   843.   1.00    -94.      0.    159.      0.    164.      4.
 181   1543.   1574.   7875.   3426.  14417.   1272.   1.22   3.53   1.00   0.28    329.     60.    197.     71.    148.      0.    347.     97.   617.   930.   1.00   -100.      0.    165.      0.    167.      7.
 191   1116.   2001.   7875.   5116.  16107.   1440.   1.39   2.55   1.00   0.29    375.     60.    221.     78.    148.      0.    362.    112.   675.   999.   1.00   -108.      0.    173.      0.    173.      8.
 201    826.   2291.   7563.   6400.  17391.   1590.   1.54   1.89   1.00   0.32    433.     60.    239.     85.    148.      0.    396.    146.   727.  1070.   1.00   -108.      0.    173.      0.    171.     10.
 211    604.   2513.   6179.   7139.  18130.   1748.   1.70   1.38   1.00   0.32    460.     60.    253.     97.    148.      0.    396.    146.   767.  1133.   1.00   -108.      0.    173.      0.    167.     14.
 221    420.   2697.   5049.   7717.  18708.   1941.   1.89   0.96   1.00   0.31    472.     60.    267.    105.    148.      0.    386.    136.   812.  1220.   1.00   -108.      0.    173.      0.    163.     18.
 229    336.   2781.   4383.   7857.  18848.   2054.   2.00   0.77   1.00   0.31    484.     60.    273.    115.    148.      0.    382.    132.   835.  1276.   1.00   -108.      0.    173.      0.    162.     20.


DATA-FILE  WAGI1PTS.OUT


Name of run: WAGI1


Station=  WAGE , Soil=  1, Crop=  1,    Irr.=  1, IOPT=  1, Runof=0.00, CO2=370.

 Planting on day   0, 1971
 Crop emergence on day   1, 1971
 Wageningen, irrig.,wheat var.1, RUE=3.0                                         

 Crop PRODUCTION AND SOIL WATER STATUS
 =======================================
 DAY   WLVG    WLVD    WST    WSO     TAGB    TSUML   DVS     LAI  TRANRF  SMACT  TRAIN   TIRR  TTRANS   TESOIL    TDRAIN  TRUNOF   WTOT  WAVT   PARAB    PAR    NNI   NMINT    NMIN    NUPT    NFIX    NLIV    NLOSS   
   1     68.      0.     37.      0.    105.      0.   0.00   0.14   1.00   0.30      0.      0.      0.      0.      0.      0.     30.     10.     0.     0.   1.00      0.     30.      0.      0.      8.      0.
  11     68.      0.     37.      0.    105.      7.   0.01   0.15   1.00   0.32      4.      0.      0.      0.      0.      0.     66.     25.     1.    10.   1.00      7.     22.      1.      0.      9.      0.
  21     69.      0.     37.      0.    106.     33.   0.03   0.19   1.00   0.34     12.      0.      0.      1.      0.      0.    110.     45.     2.    21.   1.00     14.     15.      1.      0.      9.      0.
  31     73.      0.     39.      0.    112.     93.   0.09   0.31   1.00   0.35     60.      0.      1.      5.      0.      0.    157.     67.     3.    28.   1.00     22.      8.      1.      0.      9.      0.
  41     79.      0.     42.      0.    121.    134.   0.13   0.43   1.00   0.35     66.      0.      1.      6.      0.      0.    198.     85.     5.    41.   1.00     29.      0.      1.      0.      9.      0.
  51     86.      0.     46.      0.    132.    171.   0.16   0.59   1.00   0.35     86.      0.      2.      8.     13.      0.    241.    103.    12.    66.   1.00     28.      0.      2.      0.     10.      0.
  61     96.      0.     51.      0.    147.    199.   0.19   0.74   1.00   0.35     93.      0.      3.     12.     19.      0.    280.    118.    21.    94.   1.00     28.      0.      2.      0.     10.      0.
  71     96.      0.     51.      0.    147.    206.   0.20   0.76   1.00   0.35    109.      0.      5.     15.     27.      0.    325.    139.    36.   134.   1.00     28.      0.      2.      0.     10.      0.
  81    156.      0.     77.      0.    233.    270.   0.26   0.88   1.00   0.35    127.      0.      8.     22.     34.      0.    366.    157.    48.   168.   1.00     24.      0.      6.      0.     14.      0.
  91    180.      0.     89.      0.    269.    313.   0.30   0.94   1.00   0.35    133.      0.     12.     27.     35.      0.    405.    172.    66.   210.   1.00     23.      0.      7.      0.     15.      0.
 101    360.      0.    196.      0.    556.    389.   0.37   1.32   1.00   0.34    133.      0.     18.     29.     35.      0.    426.    176.    93.   267.   1.00     15.      0.     15.      0.     23.      0.
 111    762.      0.    496.      0.   1258.    474.   0.45   2.17   1.00   0.33    137.      0.     28.     31.     35.      0.    418.    168.   139.   341.   1.00     -8.      0.     38.      0.     46.      0.
 121   1049.      0.    761.      0.   1810.    557.   0.53   2.78   1.00   0.33    152.      0.     46.     37.     35.      0.    410.    160.   203.   422.   1.00    -24.      0.     54.      0.     62.      0.
 131   1570.      0.   1619.      0.   3189.    678.   0.65   3.88   1.00   0.31    160.      0.     72.     41.     35.      0.    387.    137.   290.   525.   1.00     -9.      0.     74.      0.     82.      0.
 141   2063.     67.   3453.      0.   5582.    833.   0.79   4.91   1.00   0.32    202.      0.     98.     44.     35.      0.    399.    149.   375.   616.   1.00    -38.      0.    103.      0.    111.      1.
 151   2107.    220.   5393.      0.   7720.    967.   0.92   4.96   1.00   0.31    220.      0.    122.     47.     35.      0.    391.    141.   453.   698.   1.00    -53.      0.    118.      0.    126.      1.
 161   1769.    571.   6677.   1423.  10440.   1129.   1.08   4.16   1.00   0.28    220.      0.    156.     48.     35.      0.    355.    105.   544.   796.   1.00    -63.      0.    128.      0.    134.      3.
 171   1369.    971.   6677.   2833.  11850.   1257.   1.21   3.22   1.00   0.32    286.      0.    176.     53.     35.      0.    398.    148.   595.   853.   1.00    -71.      0.    136.      0.    140.      4.
 181   1027.   1313.   6677.   4781.  13798.   1400.   1.35   2.42   1.00   0.32    320.      0.    198.     60.     35.      0.    401.    151.   661.   933.   1.00    -79.      0.    144.      0.    147.      5.
 191    731.   1609.   6543.   6821.  15838.   1577.   1.53   1.72   1.00   0.30    320.      0.    223.     66.     35.      0.    370.    120.   740.  1044.   1.00    -79.      0.    144.      0.    145.      7.
 201    543.   1797.   5346.   7903.  16919.   1729.   1.68   1.28   1.00   0.28    321.      0.    240.     71.     35.      0.    349.     99.   797.  1140.   1.00    -79.      0.    144.      0.    142.     10.
 211    385.   1954.   4368.   8302.  17319.   1908.   1.86   0.91   1.00   0.28    351.      0.    250.     85.     35.      0.    356.    106.   826.  1200.   1.00    -79.      0.    144.      0.    139.     13.
 220    289.   2051.   3716.   8513.  17529.   2060.   2.01   0.68   1.00   0.28    371.      0.    260.     99.     35.      0.    352.    102.   855.  1276.   1.00    -79.      0.    144.      0.    137.     15.


DATA-FILE  WAGI1PTS.OUT


Name of run: WAGI1


Station=  WAGE , Soil=  1, Crop=  1,    Irr.=  1, IOPT=  1, Runof=0.00, CO2=370.

 Planting on day   0, 1972
 Crop emergence on day   1, 1972
 Wageningen, irrig.,wheat var.1, RUE=3.0                                         

 Crop PRODUCTION AND SOIL WATER STATUS
 =======================================
 DAY   WLVG    WLVD    WST    WSO     TAGB    TSUML   DVS     LAI  TRANRF  SMACT  TRAIN   TIRR  TTRANS   TESOIL    TDRAIN  TRUNOF   WTOT  WAVT   PARAB    PAR    NNI   NMINT    NMIN    NUPT    NFIX    NLIV    NLOSS   
   1     68.      0.     37.      0.    105.      0.   0.00   0.14   1.00   0.30      0.      0.      0.      0.      0.      0.     30.     10.     0.     0.   1.00      0.     30.      0.      0.      8.      0.
  11     68.      0.     37.      0.    105.     17.   0.02   0.17   1.00   0.30      1.      0.      0.      1.      0.      0.     62.     21.     1.     7.   1.00      7.     22.      0.      0.      9.      0.
  21     69.      0.     37.      0.    106.     42.   0.04   0.20   1.00   0.35     19.      0.      0.      2.      0.      0.    114.     49.     2.    16.   1.00     15.     15.      0.      0.      9.      0.
  31     69.      0.     37.      0.    106.     48.   0.05   0.21   1.00   0.34     32.      0.      1.      4.      0.      0.    154.     64.     3.    31.   1.00     22.      8.      0.      0.      9.      0.
  41     74.      0.     40.      0.    114.     89.   0.08   0.30   1.00   0.35     45.      0.      1.      7.      0.      0.    197.     83.     6.    50.   1.00     30.      0.      0.      0.      9.      0.
  51     80.      0.     43.      0.    123.    128.   0.12   0.41   1.00   0.35     57.      0.      2.      9.      0.      0.    238.    101.    10.    70.   1.00     29.      0.      1.      0.      9.      0.
  61     97.      0.     52.      0.    148.    169.   0.16   0.58   1.00   0.34     59.      0.      3.     11.      0.      0.    277.    115.    15.    93.   1.00     28.      0.      2.      0.     10.      0.
  71    144.      0.     74.      0.    219.    223.   0.21   0.83   1.00   0.35     76.      0.      6.     16.      0.      0.    324.    139.    30.   133.   1.00     24.      0.      6.      0.     14.      0.
  81    261.      0.    126.      0.    387.    295.   0.28   1.07   1.00   0.34     76.      0.     11.     21.      0.      0.    352.    143.    55.   195.   1.00     16.      0.     14.      0.     22.      0.
  91    317.      0.    158.      0.    475.    364.   0.35   1.19   1.00   0.34     99.      0.     18.     28.      0.      0.    402.    169.    82.   249.   1.00     15.      0.     15.      0.     23.      0.
 101    528.      0.    311.      0.    840.    460.   0.44   1.64   1.00   0.35    154.      0.     25.     37.     30.      0.    438.    187.   103.   287.   1.00      6.      0.     24.      0.     32.      0.
 111    682.      0.    451.      0.   1134.    526.   0.50   1.97   1.00   0.35    189.      0.     33.     43.     51.      0.    438.    187.   142.   347.   1.00     -2.      0.     32.      0.     41.      0.
 121    895.      0.    690.      0.   1584.    589.   0.56   2.42   1.00   0.34    195.      0.     46.     48.     51.      0.    425.    175.   196.   420.   1.00    -13.      0.     43.      0.     52.      0.
 131   1489.      0.   1861.      0.   3350.    719.   0.69   3.68   1.00   0.34    213.      0.     64.     53.     51.      0.    420.    170.   261.   498.   1.00    -10.      0.     75.      0.     83.      0.
 141   1714.      1.   2675.      0.   4390.    809.   0.77   4.15   1.00   0.35    260.      0.     79.     56.     65.      0.    435.    185.   312.   555.   1.00    -19.      0.     84.      0.     92.      0.
 151   1929.     66.   4565.      0.   6559.    943.   0.90   4.59   1.00   0.35    290.      0.    108.     60.     65.      0.    431.    181.   391.   640.   1.00    -39.      0.    104.      0.    112.      0.
 161   1836.    185.   5746.    603.   8371.   1076.   1.02   4.36   1.00   0.34    314.      0.    132.     63.     65.      0.    429.    179.   458.   712.   1.00    -46.      0.    111.      0.    118.      1.
 171   1419.    602.   5746.   3163.  10931.   1203.   1.15   3.37   1.00   0.33    332.      0.    158.     67.     65.      0.    416.    166.   545.   808.   1.00    -52.      0.    117.      0.    122.      3.
 181   1058.    963.   5746.   5070.  12838.   1351.   1.30   2.52   1.00   0.34    370.      0.    181.     73.     65.      0.    425.    175.   609.   886.   1.00    -69.      0.    134.      0.    138.      4.
 191    782.   1239.   5746.   6182.  13950.   1504.   1.45   1.86   1.00   0.34    404.      0.    196.     81.     74.      0.    430.    180.   650.   941.   1.00    -69.      0.    134.      0.    137.      5.
 201    564.   1457.   5090.   7674.  15441.   1672.   1.62   1.34   1.00   0.33    411.      0.    215.     90.     74.      0.    407.    157.   718.  1052.   1.00    -69.      0.    134.      0.    135.      8.
 211    391.   1630.   4159.   8197.  15965.   1867.   1.82   0.93   1.00   0.35    480.      0.    227.    100.     91.      0.    438.    187.   752.  1119.   1.00    -69.      0.    134.      0.    132.     10.
 221    282.   1740.   3398.   8420.  16187.   2034.   1.98   0.67   1.00   0.34    488.      0.    235.    113.     91.      0.    424.    174.   779.  1190.   1.00    -69.      0.    134.      0.    130.     13.
 223    271.   1750.   3330.   8428.  16196.   2055.   2.00   0.65   1.00   0.35    506.      0.    235.    115.     93.      0.    437.    187.   781.  1195.   1.00    -69.      0.    134.      0.    130.     13.


DATA-FILE  WAGI1PTS.OUT


Name of run: WAGI1


Station=  WAGE , Soil=  1, Crop=  1,    Irr.=  1, IOPT=  1, Runof=0.00, CO2=370.

 Planting on day   0, 1973
 Crop emergence on day   1, 1973
 Wageningen, irrig.,wheat var.1, RUE=3.0                                         

 Crop PRODUCTION AND SOIL WATER STATUS
 =======================================
 DAY   WLVG    WLVD    WST    WSO     TAGB    TSUML   DVS     LAI  TRANRF  SMACT  TRAIN   TIRR  TTRANS   TESOIL    TDRAIN  TRUNOF   WTOT  WAVT   PARAB    PAR    NNI   NMINT    NMIN    NUPT    NFIX    NLIV    NLOSS   
   1     68.      0.     37.      0.    105.      0.   0.00   0.14   1.00   0.30      0.      0.      0.      0.      0.      0.     30.     10.     0.     0.   1.00      0.     30.      0.      0.      8.      0.
  11     69.      0.     37.      0.    105.     20.   0.02   0.17   1.00   0.31      1.      0.      0.      0.      0.      0.     64.     22.     1.     8.   1.00      7.     22.      0.      0.      9.      0.
  21     69.      0.     37.      0.    107.     41.   0.04   0.20   1.00   0.31      6.      0.      0.      1.      0.      0.    103.     37.     2.    18.   1.00     15.     15.      0.      0.      9.      0.
  31     73.      0.     39.      0.    112.     82.   0.08   0.28   1.00   0.35     26.      0.      0.      3.      0.      0.    156.     67.     3.    31.   1.00     22.      8.      0.      0.      9.      0.
  41     77.      0.     41.      0.    118.    119.   0.11   0.38   1.00   0.35     39.      0.      1.      5.      0.      0.    198.     85.     6.    43.   1.00     30.      0.      0.      0.      9.      0.
  51     77.      0.     42.      0.    119.    141.   0.13   0.46   1.00   0.35     85.      0.      2.      8.     13.      0.    241.    103.    10.    63.   1.00     30.      0.      0.      0.      9.      0.
  61     81.      0.     43.      0.    124.    169.   0.16   0.57   1.00   0.35     99.      0.      3.     11.     22.      0.    283.    121.    19.    95.   1.00     29.      0.      1.      0.      9.      0.
  71    108.      0.     56.      0.    164.    219.   0.21   0.77   1.00   0.35    110.      0.      4.     15.     30.      0.    323.    137.    32.   133.   1.00     27.      0.      3.      0.     11.      0.
  81    131.      0.     66.      0.    197.    260.   0.25   0.82   1.00   0.35    112.      0.      7.     19.     30.      0.    362.    152.    50.   181.   1.00     27.      0.      3.      0.     12.      0.
  91    160.      0.     80.      0.    240.    324.   0.31   0.88   1.00   0.35    119.      0.     10.     22.     30.      0.    403.    170.    73.   239.   1.00     25.      0.      5.      0.     13.      0.
 101    206.      0.    107.      0.    312.    370.   0.35   0.98   1.00   0.35    169.      0.     16.     33.     60.      0.    435.    185.    96.   292.   1.00     22.      0.      8.      0.     16.      0.
 111    318.      0.    182.      0.    500.    425.   0.40   1.22   1.00   0.35    186.      0.     21.     41.     62.      0.    436.    186.   125.   354.   1.00     17.      0.     13.      0.     21.      0.
 121    595.      0.    406.      0.   1002.    500.   0.48   1.81   1.00   0.35    199.      0.     31.     47.     63.      0.    433.    183.   169.   429.   1.00      1.      0.     29.      0.     37.      0.
 131   1013.      0.    883.      0.   1896.    606.   0.58   2.69   1.00   0.35    225.      0.     43.     55.     67.      0.    435.    185.   211.   488.   1.00     17.      0.     48.      0.     57.      0.
 141   1490.      0.   1844.      0.   3334.    711.   0.68   3.70   1.00   0.33    234.      0.     67.     59.     67.      0.    416.    166.   296.   589.   1.00     -7.      0.     72.      0.     80.      0.
 151   1942.     36.   3706.      0.   5684.    861.   0.82   4.65   1.00   0.32    255.      0.     95.     64.     67.      0.    405.    155.   379.   679.   1.00    -37.      0.    102.      0.    110.      0.
 161   1977.    137.   5693.      0.   7807.    991.   0.94   4.70   1.00   0.32    272.      0.    119.     66.     67.      0.    395.    145.   460.   765.   1.00    -50.      0.    115.      0.    123.      1.
 171   1629.    485.   6265.   2368.  10747.   1139.   1.09   3.87   1.00   0.29    272.      0.    151.     67.     67.      0.    363.    113.   562.   875.   1.00    -55.      0.    120.      0.    126.      2.
 181   1129.    986.   6265.   5259.  13638.   1334.   1.28   2.68   1.00   0.31    285.     60.    187.     75.     67.      0.    391.    141.   658.   987.   1.00    -72.      0.    137.      0.    142.      4.
 191    788.   1327.   6265.   7696.  16075.   1525.   1.47   1.87   1.00   0.28    285.     60.    216.     82.     67.      0.    356.    106.   746.  1104.   1.00    -75.      0.    140.      0.    143.      5.
 201    564.   1550.   5330.   8665.  17044.   1696.   1.65   1.34   1.00   0.28    310.     60.    232.     95.     67.      0.    352.    102.   792.  1178.   1.00    -75.      0.    140.      0.    140.      9.
 211    414.   1700.   4355.   9130.  17509.   1851.   1.80   0.98   1.00   0.28    335.     60.    243.    109.     67.      0.    352.    102.   823.  1240.   1.00    -75.      0.    140.      0.    137.     11.
 221    295.   1820.   3558.   9365.  17744.   2027.   1.98   0.70   1.00   0.28    361.     60.    252.    126.     67.      0.    352.    102.   851.  1310.   1.00    -75.      0.    140.      0.    134.     14.
 224    276.   1838.   3417.   9397.  17776.   2060.   2.01   0.66   1.00   0.28    361.     60.    254.    128.     67.      0.    348.     98.   858.  1331.   1.00    -75.      0.    140.      0.    134.     14.


DATA-FILE  WAGI1PTS.OUT


Name of run: WAGI1


Station=  WAGE , Soil=  1, Crop=  1,    Irr.=  1, IOPT=  1, Runof=0.00, CO2=370.

 Planting on day   0, 1974
 Crop emergence on day   1, 1974
 Wageningen, irrig.,wheat var.1, RUE=3.0                                         

 Crop PRODUCTION AND SOIL WATER STATUS
 =======================================
 DAY   WLVG    WLVD    WST    WSO     TAGB    TSUML   DVS     LAI  TRANRF  SMACT  TRAIN   TIRR  TTRANS   TESOIL    TDRAIN  TRUNOF   WTOT  WAVT   PARAB    PAR    NNI   NMINT    NMIN    NUPT    NFIX    NLIV    NLOSS   
   1     68.      0.     37.      0.    105.      0.   0.00   0.14   1.00   0.30      0.      0.      0.      0.      0.      0.     30.     10.     0.     0.   1.00      0.     30.      0.      0.      8.      0.
  11     70.      0.     38.      0.    107.     32.   0.03   0.19   1.00   0.35     23.      0.      0.      2.      0.      0.     72.     31.     1.    10.   1.00      7.     22.      0.      0.      8.      0.
  21     76.      0.     41.      0.    116.    111.   0.11   0.36   1.00   0.34     43.      0.      1.      9.      0.      0.    112.     46.     2.    18.   1.00     15.     15.      0.      0.      9.      0.
  31     83.      0.     45.      0.    128.    160.   0.15   0.53   1.00   0.35     59.      0.      2.     12.      0.      0.    157.     67.     5.    30.   1.00     22.      8.      1.      0.      9.      0.
  41     95.      0.     50.      0.    146.    206.   0.20   0.78   1.00   0.35     82.      0.      3.     15.      1.      0.    199.     85.    10.    46.   1.00     29.      0.      1.      0.     10.      0.
  51    146.      0.     73.      0.    219.    276.   0.26   0.89   1.00   0.34     84.      0.      6.     19.      1.      0.    236.     98.    19.    70.   1.00     25.      0.      5.      0.     13.      0.
  61    148.      0.     74.      0.    222.    300.   0.29   0.89   1.00   0.35     93.      0.      8.     21.      2.      0.    283.    121.    34.   106.   1.00     25.      0.      5.      0.     13.      0.
  71    156.      0.     78.      0.    234.    323.   0.31   0.91   1.00   0.35    108.      0.     10.     24.     14.      0.    322.    137.    46.   135.   1.00     25.      0.      5.      0.     13.      0.
  81    211.      0.    110.      0.    321.    381.   0.36   1.03   1.00   0.35    142.      0.     14.     30.     37.      0.    366.    156.    61.   169.   1.00     22.      0.      8.      0.     16.      0.
  91    401.      0.    246.      0.    647.    467.   0.44   1.43   1.00   0.34    144.      0.     19.     34.     37.      0.    399.    166.    90.   225.   1.00     12.      0.     18.      0.     26.      0.
 101    969.      0.    819.      0.   1788.    583.   0.56   2.63   1.00   0.33    144.      0.     33.     37.     37.      0.    411.    161.   151.   312.   1.00    -17.      0.     47.      0.     55.      0.
 111   1100.      0.   1004.      0.   2103.    652.   0.62   2.91   1.00   0.32    144.      0.     48.     38.     37.      0.    395.    145.   225.   403.   1.00    -25.      0.     55.      0.     63.      0.
 121   1197.      0.   1235.      0.   2432.    718.   0.68   3.12   1.00   0.31    153.      0.     61.     41.     37.      0.    389.    139.   280.   469.   1.00    -26.      0.     56.      0.     65.      0.
 131   1407.      0.   1934.      0.   3341.    805.   0.77   3.56   1.00   0.30    157.      0.     76.     43.     37.      0.    376.    126.   331.   527.   1.00     -1.      0.     66.      0.     74.      0.
 141   1714.      5.   4177.      0.   5896.    946.   0.90   4.21   1.00   0.30    187.      0.    105.     46.     37.      0.    374.    124.   421.   628.   1.00    -24.      0.     89.      0.     97.      0.
 151   1683.     62.   5653.    478.   7875.   1059.   1.01   4.13   1.00   0.29    204.      0.    131.     50.     37.      0.    361.    111.   511.   725.   1.00    -34.      0.     99.      0.    107.      0.
 161   1323.    422.   5653.   2459.   9856.   1179.   1.13   3.24   1.00   0.30    244.      0.    155.     54.     37.      0.    372.    122.   590.   814.   1.00    -40.      0.    105.      0.    111.      2.
 171    983.    762.   5653.   4993.  12391.   1331.   1.28   2.41   1.00   0.28    255.      0.    181.     60.     37.      0.    352.    102.   678.   921.   1.00    -57.      0.    122.      0.    127.      3.
 181    716.   1028.   5653.   6873.  14271.   1491.   1.44   1.76   1.00   0.27    274.      0.    199.     68.     37.      0.    343.     93.   744.  1012.   1.00    -62.      0.    127.      0.    131.      4.
 191    531.   1214.   5109.   7884.  15281.   1639.   1.59   1.30   1.00   0.29    312.      0.    213.     79.     37.      0.    357.    107.   789.  1088.   1.00    -62.      0.    127.      0.    129.      6.
 201    397.   1348.   4175.   8504.  15901.   1784.   1.73   0.97   1.00   0.28    328.      0.    224.     92.     37.      0.    349.     99.   825.  1161.   1.00    -62.      0.    127.      0.    126.      9.
 211    293.   1451.   3411.   8850.  16247.   1936.   1.89   0.72   1.00   0.27    339.      0.    233.    104.     37.      0.    340.     90.   855.  1236.   1.00    -62.      0.    127.      0.    124.     11.
 220    231.   1514.   2902.   8957.  16354.   2058.   2.01   0.57   1.00   0.27    348.      0.    238.    111.     37.      0.    336.     86.   872.  1290.   1.00    -62.      0.    127.      0.    123.     13.


DATA-FILE  WAGI1PTS.OUT


Name of run: WAGW2


Station=  WAGE , Soil=  1, Crop=  1,    Irr.=  0, IOPT=  2, Runof=0.00, CO2=370.

 Planting on day   0, 1975
 Crop emergence on day   1, 1975
 Wageningen, water limit.,wheat var.1, RUE=3.0                                   

 Crop PRODUCTION AND SOIL WATER STATUS
 =======================================
 DAY   WLVG    WLVD    WST    WSO     TAGB    TSUML   DVS     LAI  TRANRF  SMACT  TRAIN   TIRR  TTRANS   TESOIL    TDRAIN  TRUNOF   WTOT  WAVT   PARAB    PAR    NNI   NMINT    NMIN    NUPT    NFIX    NLIV    NLOSS   
   1     68.      0.     37.      0.    105.      0.   0.00   0.14   1.00   0.30      0.      0.      0.      0.      0.      0.     30.     10.     0.     0.   1.00      0.     30.      0.      0.      8.      0.
  11     70.      0.     38.      0.    108.     54.   0.05   0.23   1.00   0.34     25.      0.      0.      4.      0.      0.     70.     29.     1.     8.   1.00      7.     22.      0.      0.      8.      0.
  21     78.      0.     42.      0.    120.    125.   0.12   0.40   1.00   0.35     42.      0.      1.      9.      0.      0.    114.     49.     3.    21.   1.00     15.     15.      0.      0.      9.      0.
  31     90.      0.     48.      0.    139.    181.   0.17   0.63   1.00   0.35     84.      0.      3.     14.      4.      0.    157.     67.     6.    34.   1.00     21.      8.      1.      0.      9.      0.
  41    105.      0.     55.      0.    160.    220.   0.21   0.77   1.00   0.35     94.      0.      4.     16.     13.      0.    197.     84.    17.    63.   1.00     28.      0.      2.      0.     10.      0.
  51    117.      0.     61.      0.    178.    256.   0.24   0.80   1.00   0.35    112.      0.      5.     18.     26.      0.    241.    103.    25.    85.   1.00     27.      0.      3.      0.     11.      0.
  61    121.      0.     62.      0.    183.    293.   0.28   0.81   1.00   0.35    112.      0.      8.     20.     26.      0.    279.    117.    43.   131.   1.00     27.      0.      3.      0.     11.      0.
  71    189.      0.     98.      0.    287.    370.   0.35   0.95   1.00   0.35    136.      0.     10.     24.     40.      0.    325.    139.    52.   153.   1.00     24.      0.      6.      0.     14.      0.
  81    196.      0.    103.      0.    299.    402.   0.38   0.97   1.00   0.35    155.      0.     12.     28.     53.      0.    366.    156.    64.   180.   1.00     24.      0.      6.      0.     15.      0.
  91    198.      0.    104.      0.    302.    431.   0.41   0.97   1.00   0.35    190.      0.     16.     35.     78.      0.    408.    174.    86.   230.   1.00     24.      0.      6.      0.     15.      0.
 101    209.      0.    113.      0.    322.    457.   0.44   0.99   1.00   0.35    212.      0.     20.     42.     88.      0.    438.    187.   107.   277.   1.00     24.      0.      6.      0.     15.      0.
 111    319.      0.    215.      0.    535.    535.   0.51   1.23   1.00   0.35    236.      0.     23.     48.    103.      0.    436.    186.   124.   314.   1.00     20.      0.     10.      0.     18.      0.
 121    689.      0.    723.      0.   1412.    639.   0.61   2.01   1.00   0.34    246.      0.     33.     54.    103.      0.    431.    181.   171.   392.   1.00      0.      0.     30.      0.     38.      0.
 131   1057.      0.   1599.      0.   2656.    740.   0.70   2.79   1.00   0.35    279.      0.     48.     62.    106.      0.    438.    187.   231.   472.   1.00     13.      0.     52.      0.     60.      0.
 141   1376.      0.   2959.      0.   4335.    855.   0.81   3.47   1.00   0.34    287.      0.     64.     67.    106.      0.    425.    175.   303.   558.   1.00     -6.      0.     71.      0.     80.      0.
 151   1544.      0.   4637.      0.   6181.    955.   0.91   3.83   1.00   0.32    287.      0.     88.     68.    106.      0.    399.    149.   386.   651.   1.00    -24.      0.     89.      0.     97.      0.
 161   1509.     47.   5844.    753.   8152.   1066.   1.02   3.73   1.00   0.31    305.      0.    114.     72.    106.      0.    387.    137.   479.   754.   1.00    -30.      0.     95.      0.    103.      0.
 171   1107.    449.   5844.   3263.  10662.   1222.   1.17   2.74   1.00   0.30    330.      0.    140.     78.    106.      0.    381.    131.   563.   853.   1.00    -40.      0.    105.      0.    112.      2.
 181    813.    743.   5844.   5334.  12733.   1380.   1.33   2.01   1.00   0.32    373.      0.    160.     86.    106.      0.    396.    146.   633.   944.   1.00    -56.      0.    121.      0.    127.      3.
 191    586.    969.   5844.   7069.  14468.   1549.   1.50   1.45   1.00   0.31    399.      0.    179.     97.    106.      0.    391.    141.   698.  1044.   1.00    -56.      0.    121.      0.    126.      4.
 201    413.   1142.   4873.   7862.  15262.   1731.   1.68   1.02   1.00   0.33    448.      0.    191.    110.    106.      0.    416.    166.   737.  1119.   1.00    -56.      0.    121.      0.    123.      7.
 211    301.   1255.   3981.   8290.  15690.   1892.   1.84   0.74   1.00   0.33    466.      0.    200.    124.    106.      0.    410.    160.   770.  1200.   1.00    -56.      0.    121.      0.    120.      9.
 220    220.   1336.   3387.   8512.  15912.   2064.   2.01   0.54   1.00   0.31    473.      0.    209.    140.    106.      0.    392.    142.   800.  1292.   1.00    -56.      0.    121.      0.    119.     11.


DATA-FILE  WAGI1PTS.OUT


Name of run: WAGW2


Station=  WAGE , Soil=  1, Crop=  1,    Irr.=  0, IOPT=  2, Runof=0.00, CO2=370.

 Planting on day   0, 1976
 Crop emergence on day   1, 1976
 Wageningen, water limit.,wheat var.1, RUE=3.0                                   

 Crop PRODUCTION AND SOIL WATER STATUS
 =======================================
 DAY   WLVG    WLVD    WST    WSO     TAGB    TSUML   DVS     LAI  TRANRF  SMACT  TRAIN   TIRR  TTRANS   TESOIL    TDRAIN  TRUNOF   WTOT  WAVT   PARAB    PAR    NNI   NMINT    NMIN    NUPT    NFIX    NLIV    NLOSS   
   1     68.      0.     37.      0.    105.      0.   0.00   0.14   1.00   0.30      0.      0.      0.      0.      0.      0.     30.     10.     0.     0.   1.00      0.     30.      0.      0.      8.      0.
  11     71.      0.     38.      0.    109.     68.   0.06   0.25   1.00   0.35     50.      0.      1.      6.      0.      0.     73.     31.     1.     7.   1.00      7.     22.      0.      0.      8.      0.
  21     77.      0.     42.      0.    119.    140.   0.13   0.45   1.00   0.35     72.      0.      1.     10.      0.      0.    115.     49.     2.    16.   1.00     15.     15.      0.      0.      9.      0.
  31     79.      0.     43.      0.    122.    162.   0.15   0.54   1.00   0.35     85.      0.      2.     13.      7.      0.    157.     67.     7.    34.   1.00     22.      8.      0.      0.      9.      0.
  41     80.      0.     43.      0.    123.    168.   0.16   0.57   1.00   0.35     87.      0.      3.     14.      8.      0.    199.     85.    11.    48.   1.00     30.      0.      0.      0.      9.      0.
  51     86.      0.     46.      0.    131.    194.   0.18   0.71   1.00   0.35    102.      0.      4.     16.     22.      0.    238.    101.    17.    66.   1.00     30.      0.      0.      0.      9.      0.
  61    159.      0.     79.      0.    238.    268.   0.26   0.89   1.00   0.35    109.      0.      6.     18.     22.      0.    283.    121.    28.    96.   1.00     25.      0.      5.      0.     13.      0.
  71    164.      0.     81.      0.    245.    285.   0.27   0.90   1.00   0.34    109.      0.      9.     21.     22.      0.    319.    133.    51.   149.   1.00     24.      0.      6.      0.     14.      0.
  81    177.      0.     87.      0.    264.    321.   0.31   0.93   1.00   0.34    115.      0.     13.     25.     22.      0.    360.    150.    69.   192.   1.00     24.      0.      6.      0.     15.      0.
  91    229.      0.    117.      0.    346.    362.   0.34   1.04   1.00   0.35    132.      0.     18.     30.     25.      0.    406.    172.    90.   242.   1.00     22.      0.      8.      0.     16.      0.
 101    322.      0.    176.      0.    499.    423.   0.40   1.23   1.00   0.34    139.      0.     25.     34.     25.      0.    429.    179.   118.   296.   1.00     16.      0.     14.      0.     22.      0.
 111    492.      0.    324.      0.    816.    507.   0.48   1.59   1.00   0.33    139.      0.     35.     37.     25.      0.    416.    166.   163.   380.   1.00     12.      0.     18.      0.     26.      0.
 121    683.      0.    517.      0.   1200.    562.   0.54   2.00   1.00   0.32    139.      0.     51.     40.     25.      0.    397.    147.   224.   471.   1.00     -2.      0.     32.      0.     41.      0.
 131   1117.      0.   1281.      0.   2398.    692.   0.66   2.92   1.00   0.30    142.      0.     73.     44.     25.      0.    375.    125.   284.   551.   1.00     14.      0.     51.      0.     59.      0.
 141   1579.      0.   2835.      0.   4414.    823.   0.78   3.90   1.00   0.29    158.      0.    100.     49.     25.      0.    358.    108.   366.   646.   1.00    -17.      0.     82.      0.     90.      0.
 151   1790.     22.   4563.      0.   6374.    934.   0.89   4.34   1.00   0.27    171.      0.    125.     53.     25.      0.    344.     94.   449.   737.   1.00    -33.      0.     98.      0.    106.      0.
 161   1772.     67.   5778.    594.   8213.   1064.   1.01   4.29   0.87   0.26    186.      0.    153.     56.     25.      0.    328.     78.   529.   823.   1.00    -38.      0.    103.      0.    111.      0.
 171   1290.    549.   5778.   3223.  10841.   1226.   1.18   3.12   1.00   0.24    186.      0.    184.     58.     25.      0.    294.     44.   626.   932.   1.00    -47.      0.    112.      0.    118.      2.
 181    891.    948.   5778.   4953.  12571.   1425.   1.37   2.16   0.45   0.23    208.      0.    205.     64.     25.      0.    288.     38.   705.  1032.   1.00    -59.      0.    124.      0.    128.      4.
 191    591.   1249.   5330.   5649.  13267.   1650.   1.60   1.43   0.31   0.21    208.      0.    217.     72.     25.      0.    268.     18.   793.  1166.   1.00    -59.      0.    124.      0.    126.      6.
 201    406.   1434.   4355.   5890.  13509.   1846.   1.79   0.98   0.34   0.21    224.      0.    223.     83.     25.      0.    267.     17.   837.  1249.   1.00    -59.      0.    124.      0.    123.      9.
 211    293.   1547.   3558.   6005.  13623.   2001.   1.95   0.71   0.23   0.21    237.      0.    227.     97.     25.      0.    263.     13.   868.  1326.   1.00    -59.      0.    124.      0.    121.     11.
 216    257.   1583.   3282.   6024.  13642.   2058.   2.01   0.62   0.57   0.21    243.      0.    228.    102.     25.      0.    263.     13.   878.  1357.   1.00    -59.      0.    124.      0.    120.     12.


DATA-FILE  WAGI1PTS.OUT


Name of run: WAGN3


Station=  WAGE , Soil=  1, Crop=  1,    Irr.=  0, IOPT=  3, Runof=0.00, CO2=370.

 Planting on day   0, 1975
 Crop emergence on day   1, 1975
 Wageningen, water and N limit., wheat var.1, RUE=3.0                            

 Crop PRODUCTION AND SOIL WATER STATUS
 =======================================
 DAY   WLVG    WLVD    WST    WSO     TAGB    TSUML   DVS     LAI  TRANRF  SMACT  TRAIN   TIRR  TTRANS   TESOIL    TDRAIN  TRUNOF   WTOT  WAVT   PARAB    PAR    NNI   NMINT    NMIN    NUPT    NFIX    NLIV    NLOSS   
   1     68.      0.     37.      0.    105.      0.   0.00   0.14   1.00   0.30      0.      0.      0.      0.      0.      0.     30.     10.     0.     0.   0.91      0.     30.      0.      0.      8.      0.
  11     70.      1.     38.      0.    108.     54.   0.05   0.22   1.00   0.34     25.      0.      0.      4.      0.      0.     70.     29.     1.     8.   1.00      7.     22.      0.      0.      9.      0.
  21     77.      1.     42.      0.    120.    125.   0.12   0.39   1.00   0.35     42.      0.      1.      9.      0.      0.    114.     49.     3.    21.   1.00     14.     15.      1.      0.      9.      0.
  31     89.      1.     48.      0.    138.    181.   0.17   0.62   1.00   0.35     84.      0.      3.     14.      4.      0.    157.     67.     6.    34.   0.99     21.      8.      1.      0.     10.      0.
  41    102.      2.     55.      0.    159.    220.   0.21   0.78   1.00   0.35     94.      0.      4.     16.     13.      0.    197.     84.    17.    63.   1.00     28.      0.      2.      0.     11.      0.
  51    114.      2.     61.      0.    177.    256.   0.24   0.80   1.00   0.35    112.      0.      5.     18.     26.      0.    241.    103.    25.    85.   1.00     27.      0.      3.      0.     11.      0.
  61    117.      2.     62.      0.    182.    293.   0.28   0.81   1.00   0.35    112.      0.      8.     20.     26.      0.    279.    117.    43.   131.   1.00     27.      0.      3.      0.     11.      0.
  71    180.      5.    101.      0.    285.    370.   0.35   0.94   1.00   0.35    136.      0.     10.     25.     40.      0.    325.    139.    52.   153.   1.00     24.      0.      6.      0.     14.      0.
  81    187.      5.    106.      0.    298.    402.   0.38   0.95   1.00   0.35    155.      0.     12.     28.     53.      0.    366.    156.    63.   180.   1.00     24.      0.      6.      0.     14.      0.
  91    189.      5.    107.      0.    301.    431.   0.41   0.96   1.00   0.35    190.      0.     16.     35.     78.      0.    408.    174.    85.   230.   1.00     24.      0.      6.      0.     14.      0.
 101    200.      5.    115.      0.    320.    457.   0.44   0.98   1.00   0.35    212.      0.     19.     42.     88.      0.    438.    187.   106.   277.   1.00     24.      0.      6.      0.     15.      0.
 111    301.      9.    219.      0.    529.    535.   0.51   1.19   1.00   0.35    236.      0.     23.     48.    103.      0.    436.    186.   123.   314.   0.87     20.      0.     10.      0.     18.      0.
 121    605.     28.    729.      0.   1362.    639.   0.61   1.81   1.00   0.35    246.      0.     32.     54.    103.      0.    431.    181.   168.   392.   0.93      2.      0.     28.      0.     36.      0.
 131    880.     60.   1569.      0.   2510.    740.   0.70   2.37   1.00   0.35    279.      0.     46.     64.    107.      0.    438.    187.   224.   472.   0.96     18.      0.     47.      0.     55.      0.
 141   1152.     78.   2856.      0.   4085.    855.   0.81   2.93   1.00   0.34    287.      0.     61.     69.    107.      0.    425.    175.   292.   558.   0.96      0.      0.     65.      0.     72.      0.
 151   1218.    151.   4421.      0.   5790.    955.   0.91   3.07   1.00   0.32    287.      0.     83.     71.    107.      0.    401.    151.   370.   651.   0.79      0.      0.     65.      0.     73.      1.
 161   1071.    306.   5484.    654.   7516.   1066.   1.02   2.77   1.00   0.31    305.      0.    107.     77.    107.      0.    390.    140.   456.   754.   0.80      0.      0.     65.      0.     72.      1.
 171    684.    693.   5484.   2682.   9543.   1222.   1.17   1.84   1.00   0.31    330.      0.    129.     85.    107.      0.    384.    134.   530.   853.   0.59      0.      0.     65.      0.     70.      3.
 181    372.   1005.   5484.   3707.  10569.   1380.   1.33   1.15   1.00   0.32    373.      0.    144.     97.    107.      0.    401.    151.   584.   944.   0.26      0.      0.     65.      0.     69.      4.
 191    174.   1204.   5484.   4007.  10868.   1549.   1.50   0.69   1.00   0.32    399.      0.    156.    114.    107.      0.    398.    148.   627.  1044.   0.10      0.      0.     65.      0.     68.      5.
 201     75.   1302.   4573.   4035.  10897.   1731.   1.68   0.42   1.00   0.34    448.      0.    162.    130.    107.      0.    424.    174.   648.  1119.   0.05      0.      0.     65.      0.     66.      7.
 211     33.   1345.   3736.   4036.  10897.   1892.   1.84   0.28   1.00   0.34    466.      0.    166.    148.    107.      0.    419.    169.   663.  1200.   0.02      0.      0.     65.      0.     64.      9.
 220     16.   1362.   3179.   4036.  10897.   2064.   2.01   0.19   1.00   0.32    473.      0.    170.    168.    107.      0.    403.    153.   676.  1292.   0.01      0.      0.     65.      0.     63.     11.


DATA-FILE  WAGI1PTS.OUT


Name of run: WAGN3


Station=  WAGE , Soil=  1, Crop=  1,    Irr.=  0, IOPT=  3, Runof=0.00, CO2=370.

 Planting on day   0, 1976
 Crop emergence on day   1, 1976
 Wageningen, water and N limit., wheat var.1, RUE=3.0                            

 Crop PRODUCTION AND SOIL WATER STATUS
 =======================================
 DAY   WLVG    WLVD    WST    WSO     TAGB    TSUML   DVS     LAI  TRANRF  SMACT  TRAIN   TIRR  TTRANS   TESOIL    TDRAIN  TRUNOF   WTOT  WAVT   PARAB    PAR    NNI   NMINT    NMIN    NUPT    NFIX    NLIV    NLOSS   
   1     68.      0.     37.      0.    105.      0.   0.00   0.14   1.00   0.30      0.      0.      0.      0.      0.      0.     30.     10.     0.     0.   0.97      0.     30.      0.      0.      8.      0.
  11     71.      0.     38.      0.    109.     68.   0.06   0.25   1.00   0.35     50.      0.      1.      6.      0.      0.     73.     31.     1.     7.   1.00      7.     22.      0.      0.      8.      0.
  21     77.      0.     42.      0.    119.    140.   0.13   0.45   1.00   0.35     72.      0.      1.     10.      0.      0.    115.     49.     2.    16.   1.00     15.     15.      0.      0.      8.      0.
  31     79.      0.     43.      0.    122.    162.   0.15   0.54   1.00   0.35     85.      0.      2.     13.      7.      0.    157.     67.     7.    34.   1.00     22.      8.      0.      0.      8.      0.
  41     79.      0.     43.      0.    122.    168.   0.16   0.57   1.00   0.35     87.      0.      3.     14.      8.      0.    199.     85.    11.    48.   1.00     30.      0.      0.      0.      8.      0.
  51     85.      0.     46.      0.    131.    194.   0.18   0.70   1.00   0.35    102.      0.      4.     16.     22.      0.    238.    101.    17.    66.   0.97     30.      0.      0.      0.      9.      0.
  61    153.      3.     83.      0.    239.    268.   0.26   0.90   1.00   0.35    109.      0.      6.     18.     22.      0.    283.    121.    28.    96.   0.93     25.      0.      5.      0.     13.      0.
  71    157.      4.     85.      0.    246.    285.   0.27   0.91   1.00   0.34    109.      0.      9.     21.     22.      0.    319.    133.    51.   149.   1.00     24.      0.      6.      0.     14.      0.
  81    169.      4.     92.      0.    265.    321.   0.31   0.94   1.00   0.34    115.      0.     13.     25.     22.      0.    360.    150.    69.   192.   1.00     24.      0.      6.      0.     14.      0.
  91    219.      6.    123.      0.    348.    362.   0.34   1.04   1.00   0.35    132.      0.     18.     30.     25.      0.    406.    172.    91.   242.   0.92     22.      0.      8.      0.     16.      0.
 101    301.     11.    187.      0.    499.    423.   0.40   1.21   1.00   0.34    139.      0.     25.     34.     25.      0.    429.    179.   118.   296.   1.00     17.      0.     13.      0.     22.      0.
 111    459.     15.    337.      0.    810.    507.   0.48   1.54   1.00   0.33    139.      0.     35.     37.     25.      0.    416.    166.   163.   380.   0.82     13.      0.     17.      0.     25.      0.
 121    606.     27.    540.      0.   1174.    562.   0.54   1.84   1.00   0.32    139.      0.     51.     41.     25.      0.    398.    148.   221.   471.   1.00      0.      0.     30.      0.     38.      0.
 131    967.     47.   1294.      0.   2308.    692.   0.66   2.57   1.00   0.30    142.      0.     71.     44.     25.      0.    377.    127.   278.   551.   0.91     19.      0.     46.      0.     54.      0.
 141   1337.     86.   2796.      0.   4219.    823.   0.78   3.33   1.00   0.29    158.      0.     97.     51.     25.      0.    361.    111.   357.   646.   0.84      0.      0.     65.      0.     73.      0.
 151   1343.    247.   4375.      0.   5966.    934.   0.89   3.35   1.00   0.28    171.      0.    119.     55.     25.      0.    346.     96.   435.   737.   0.71      0.      0.     65.      0.     72.      1.
 161   1187.    421.   5416.    518.   7543.   1064.   1.01   3.06   0.92   0.27    186.      0.    145.     60.     25.      0.    331.     81.   510.   823.   0.76      0.      0.     65.      0.     72.      2.
 171    743.    866.   5416.   2794.   9819.   1226.   1.18   2.01   1.00   0.24    186.      0.    173.     64.     25.      0.    300.     50.   594.   932.   0.56      0.      0.     65.      0.     70.      4.
 181    375.   1233.   5416.   3840.  10865.   1425.   1.37   1.17   0.52   0.24    208.      0.    190.     74.     25.      0.    294.     44.   654.  1032.   0.25      0.      0.     65.      0.     68.      5.
 191    161.   1448.   4996.   4207.  11232.   1650.   1.60   0.65   0.39   0.22    208.      0.    199.     86.     25.      0.    273.     23.   711.  1166.   0.11      0.      0.     65.      0.     66.      7.
 201     68.   1540.   4082.   4242.  11266.   1846.   1.79   0.39   0.41   0.22    224.      0.    202.    101.     25.      0.    270.     20.   734.  1249.   0.05      0.      0.     65.      0.     64.      9.
 211     30.   1579.   3335.   4242.  11267.   2001.   1.95   0.26   0.26   0.21    237.      0.    204.    118.     25.      0.    265.     15.   747.  1326.   0.03      0.      0.     65.      0.     62.     11.
 216     21.   1587.   3076.   4242.  11267.   2058.   2.01   0.22   0.63   0.21    243.      0.    204.    124.     25.      0.    265.     15.   751.  1357.   0.02      0.      0.     65.      0.     61.     12.
