

DATA-FILE  WAGI1PTS.OUT


Name of run: WAGI1


Station=  WAGE , Soil=  1, Crop=  1,    Irr.=  1, IOPT=  1, Runof=0.00, CO2=370.

 Planting on day   0, 1970
 Crop emergence on day   1, 1970
 Wageningen, irrig.,wheat var.1, RUE=3.0                                         

 Crop PRODUCTION AND SOIL WATER STATUS
 =======================================
 DAY   WLVG    WLVD    WST    WSO     TAGB    TSUML   DVS     LAI  TRANRF  SMACT  TRAIN   TIRR  TTRANS   TESOIL    TDRAIN  TRUNOF   WTOT  WAVT   PARAB    PAR    NNI   NMINT    NMIN    NUPT    NFIX    NLIV    NLOSS   
   1     68.      0.     37.      0.    105.      0.   0.00   0.14   1.00   0.30      0.      0.      0.      0.      0.      0.     30.     10.     0.     0.   1.00      0.     30.      0.      0.      8.      0.
  11     68.      0.     37.      0.    105.      1.   0.00   0.15   1.00   0.35     13.      3.      0.      2.      0.      0.     72.     31.     1.     9.   1.00      7.     22.      0.      0.      8.      0.
  21     69.      0.     37.      0.    106.     27.   0.03   0.18   1.00   0.34     18.      3.      0.      2.      0.      0.    112.     46.     2.    17.   1.00     15.     15.      0.      0.      8.      0.
  31     70.      0.     38.      0.    107.     52.   0.05   0.22   1.00   0.35     42.      3.      0.      3.      0.      0.    155.     65.     3.    27.   1.00     22.      8.      0.      0.      8.      0.
  41     71.      0.     38.      0.    109.     69.   0.07   0.25   1.00   0.35     75.      3.      1.      6.      9.      0.    199.     85.     5.    47.   1.00     30.      0.      0.      0.      8.      0.
  51     71.      0.     38.      0.    109.     72.   0.07   0.26   1.00   0.35    102.      3.      1.      7.     35.      0.    241.    103.     9.    71.   1.00     30.      0.      0.      0.      8.      0.
  61     75.      0.     40.      0.    115.    101.   0.10   0.33   1.00   0.35    148.      3.      2.     12.     76.      0.    283.    121.    12.    92.   1.00     30.      0.      0.      0.      8.      0.
  71     75.      0.     40.      0.    115.    106.   0.10   0.35   1.00   0.35    155.      3.      2.     15.     79.      0.    324.    139.    20.   135.   1.00     30.      0.      0.      0.      8.      0.
  81     86.      0.     46.      0.    132.    145.   0.14   0.47   1.00   0.35    165.      3.      3.     20.     83.      0.    367.    157.    26.   166.   1.00     29.      0.      1.      0.      9.      0.
  91    104.      0.     55.      0.    159.    185.   0.18   0.65   1.00   0.35    202.      3.      6.     28.    109.      0.    409.    175.    39.   212.   1.00     28.      0.      2.      0.     10.      0.
 101    105.      0.     56.      0.    161.    208.   0.20   0.76   1.00   0.35    240.      3.      9.     36.    136.      0.    438.    187.    57.   262.   1.00     28.      0.      2.      0.     11.      0.
 111    241.      0.    116.      0.    358.    290.   0.28   1.05   1.00   0.35    254.      3.     14.     45.    141.      0.    432.    182.    78.   313.   1.00     18.      0.     12.      0.     20.      0.
 121    420.      0.    214.      0.    634.    369.   0.35   1.43   1.00   0.35    286.      3.     21.     56.    152.      0.    436.    186.   106.   367.   1.00     10.      0.     20.      0.     29.      0.
 131   1188.      0.    799.      0.   1986.    501.   0.48   3.06   1.00   0.34    291.      3.     37.     61.    152.      0.    419.    169.   164.   451.   1.00      6.      0.     59.      0.     67.      0.
 141   2003.     27.   1841.      0.   3871.    636.   0.61   4.78   1.00   0.32    297.      3.     58.     64.    152.      0.    402.    152.   237.   531.   1.00    -35.      0.    100.      0.    109.      0.
 151   2365.    215.   3174.      0.   5753.    757.   0.72   5.50   1.00   0.31    306.      3.     84.     66.    152.      0.    383.    133.   312.   610.   1.00    -58.      0.    123.      0.    131.      1.
 161   2529.    525.   5642.      0.   8697.    923.   0.88   5.79   1.00   0.30    307.     34.    127.     67.    152.      0.    369.    119.   424.   726.   1.00    -79.      0.    144.      0.    151.      2.
 171   2178.    939.   7875.   1033.  12024.   1092.   1.04   4.98   1.00   0.29    315.     64.    167.     69.    152.      0.    366.    116.   537.   843.   1.00    -94.      0.    159.      0.    163.      4.
 181   1543.   1574.   7875.   3426.  14417.   1272.   1.22   3.53   1.00   0.28    329.     64.    197.     71.    152.      0.    347.     97.   617.   930.   1.00   -100.      0.    165.      0.    167.      6.
 191   1116.   2001.   7875.   5116.  16107.   1440.   1.39   2.55   1.00   0.29    375.     64.    221.     78.    152.      0.    362.    112.   675.   999.   1.00   -107.      0.    172.      0.    173.      8.
 201    826.   2291.   7563.   6400.  17391.   1590.   1.54   1.89   1.00   0.32    433.     64.    239.     85.    152.      0.    396.    146.   727.  1070.   1.00   -107.      0.    172.      0.    171.     10.
 211    604.   2513.   6179.   7139.  18130.   1748.   1.70   1.38   1.00   0.32    460.     64.    253.     97.    152.      0.    396.    146.   767.  1133.   1.00   -107.      0.    172.      0.    167.     14.
 221    420.   2697.   5049.   7717.  18708.   1941.   1.89   0.96   1.00   0.31    472.     64.    267.    105.    152.      0.    386.    136.   812.  1220.   1.00   -107.      0.    172.      0.    163.     17.
 229    336.   2781.   4383.   7857.  18848.   2054.   2.00   0.77   1.00   0.31    484.     64.    273.    115.    152.      0.    382.    132.   835.  1276.   1.00   -107.      0.    172.      0.    161.     19.


DATA-FILE  WAGI1PTS.OUT


Name of run: WAGI1


Station=  WAGE , Soil=  1, Crop=  1,    Irr.=  1, IOPT=  1, Runof=0.00, CO2=370.

 Planting on day   0, 1971
 Crop emergence on day   1, 1971
 Wageningen, irrig.,wheat var.1, RUE=3.0                                         

 Crop PRODUCTION AND SOIL WATER STATUS
 =======================================
 DAY   WLVG    WLVD    WST    WSO     TAGB    TSUML   DVS     LAI  TRANRF  SMACT  TRAIN   TIRR  TTRANS   TESOIL    TDRAIN  TRUNOF   WTOT  WAVT   PARAB    PAR    NNI   NMINT    NMIN    NUPT    NFIX    NLIV    NLOSS   
   1     68.      0.     37.      0.    105.      0.   0.00   0.14   1.00   0.30      0.      0.      0.      0.      0.      0.     30.     10.     0.     0.   1.00      0.     30.      0.      0.      8.      0.
  11     68.      0.     37.      0.    105.      7.   0.01   0.15   1.00   0.32      4.      0.      0.      0.      0.      0.     66.     25.     1.    10.   1.00      7.     22.      1.      0.      9.      0.
  21     69.      0.     37.      0.    106.     33.   0.03   0.19   1.00   0.34     12.      0.      0.      1.      0.      0.    110.     45.     2.    21.   1.00     14.     15.      1.      0.      9.      0.
  31     73.      0.     39.      0.    112.     93.   0.09   0.31   1.00   0.35     60.      0.      1.      5.      0.      0.    157.     67.     3.    28.   1.00     22.      8.      1.      0.      9.      0.
  41     79.      0.     42.      0.    121.    134.   0.13   0.43   1.00   0.35     66.      0.      1.      6.      0.      0.    198.     85.     5.    41.   1.00     29.      0.      1.      0.      9.      0.
  51     86.      0.     46.      0.    132.    171.   0.16   0.59   1.00   0.35     86.      0.      2.      8.     13.      0.    241.    103.    12.    66.   1.00     28.      0.      2.      0.     10.      0.
  61     96.      0.     51.      0.    147.    199.   0.19   0.74   1.00   0.35     93.      0.      3.     12.     19.      0.    280.    118.    21.    94.   1.00     28.      0.      2.      0.     10.      0.
  71     96.      0.     51.      0.    147.    206.   0.20   0.76   1.00   0.35    109.      0.      5.     15.     27.      0.    325.    139.    36.   134.   1.00     28.      0.      2.      0.     10.      0.
  81    156.      0.     77.      0.    233.    270.   0.26   0.88   1.00   0.35    127.      0.      8.     22.     34.      0.    366.    157.    48.   168.   1.00     24.      0.      6.      0.     14.      0.
  91    180.      0.     89.      0.    269.    313.   0.30   0.94   1.00   0.35    133.      0.     12.     27.     35.      0.    405.    172.    66.   210.   1.00     23.      0.      7.      0.     15.      0.
 101    360.      0.    196.      0.    556.    389.   0.37   1.32   1.00   0.34    133.      0.     18.     29.     35.      0.    426.    176.    93.   267.   1.00     15.      0.     15.      0.     23.      0.
 111    762.      0.    496.      0.   1258.    474.   0.45   2.17   1.00   0.33    137.      0.     28.     31.     35.      0.    418.    168.   139.   341.   1.00     -8.      0.     38.      0.     46.      0.
 121   1049.      0.    761.      0.   1810.    557.   0.53   2.78   1.00   0.33    152.      0.     46.     37.     35.      0.    410.    160.   203.   422.   1.00    -24.      0.     54.      0.     62.      0.
 131   1570.      0.   1619.      0.   3189.    678.   0.65   3.88   1.00   0.31    160.      0.     72.     41.     35.      0.    387.    137.   290.   525.   1.00     -9.      0.     74.      0.     82.      0.
 141   2063.     67.   3453.      0.   5582.    833.   0.79   4.91   1.00   0.32    202.      0.     98.     44.     35.      0.    399.    149.   375.   616.   1.00    -38.      0.    103.      0.    111.      1.
 151   2107.    220.   5393.      0.   7720.    967.   0.92   4.96   1.00   0.31    220.      0.    122.     47.     35.      0.    391.    141.   453.   698.   1.00    -53.      0.    118.      0.    126.      1.
 161   1769.    571.   6677.   1423.  10440.   1129.   1.08   4.16   1.00   0.28    220.      0.    156.     48.     35.      0.    355.    105.   544.   796.   1.00    -63.      0.    128.      0.    134.      3.
 171   1369.    971.   6677.   2833.  11850.   1257.   1.21   3.22   1.00   0.32    286.      0.    176.     53.     35.      0.    398.    148.   595.   853.   1.00    -71.      0.    136.      0.    140.      4.
 181   1027.   1313.   6677.   4781.  13798.   1400.   1.35   2.42   1.00   0.32    320.      0.    198.     60.     35.      0.    401.    151.   661.   933.   1.00    -79.      0.    144.      0.    147.      5.
 191    731.   1609.   6543.   6821.  15838.   1577.   1.53   1.72   1.00   0.30    320.      0.    223.     66.     35.      0.    370.    120.   740.  1044.   1.00    -79.      0.    144.      0.    145.      7.
 201    543.   1797.   5346.   7903.  16919.   1729.   1.68   1.28   1.00   0.28    321.      0.    240.     71.     35.      0.    349.     99.   797.  1140.   1.00    -79.      0.    144.      0.    142.     10.
 211    385.   1954.   4368.   8302.  17319.   1908.   1.86   0.91   1.00   0.28    351.      0.    250.     85.     35.      0.    356.    106.   826.  1200.   1.00    -79.      0.    144.      0.    139.     13.
 220    289.   2051.   3716.   8513.  17529.   2060.   2.01   0.68   1.00   0.28    371.      0.    260.     99.     35.      0.    352.    102.   855.  1276.   1.00    -79.      0.    144.      0.    137.     15.


DATA-FILE  WAGI1PTS.OUT


Name of run: WAGI1


Station=  WAGE , Soil=  1, Crop=  1,    Irr.=  1, IOPT=  1, Runof=0.00, CO2=370.

 Planting on day   0, 1972
 Crop emergence on day   1, 1972
 Wageningen, irrig.,wheat var.1, RUE=3.0                                         

 Crop PRODUCTION AND SOIL WATER STATUS
 =======================================
 DAY   WLVG    WLVD    WST    WSO     TAGB    TSUML   DVS     LAI  TRANRF  SMACT  TRAIN   TIRR  TTRANS   TESOIL    TDRAIN  TRUNOF   WTOT  WAVT   PARAB    PAR    NNI   NMINT    NMIN    NUPT    NFIX    NLIV    NLOSS   
   1     68.      0.     37.      0.    105.      0.   0.00   0.14   1.00   0.30      0.      0.      0.      0.      0.      0.     30.     10.     0.     0.   1.00      0.     30.      0.      0.      8.      0.
  11     68.      0.     37.      0.    105.     17.   0.02   0.17   1.00   0.30      1.      0.      0.      1.      0.      0.     62.     21.     1.     7.   1.00      7.     22.      0.      0.      9.      0.
  21     69.      0.     37.      0.    106.     42.   0.04   0.20   1.00   0.35     19.      0.      0.      2.      0.      0.    114.     49.     2.    16.   1.00     15.     15.      0.      0.      9.      0.
  31     69.      0.     37.      0.    106.     48.   0.05   0.21   1.00   0.34     32.      0.      1.      4.      0.      0.    154.     64.     3.    31.   1.00     22.      8.      0.      0.      9.      0.
  41     74.      0.     40.      0.    114.     89.   0.08   0.30   1.00   0.35     45.      0.      1.      7.      0.      0.    197.     83.     6.    50.   1.00     30.      0.      0.      0.      9.      0.
  51     80.      0.     43.      0.    123.    128.   0.12   0.41   1.00   0.35     57.      0.      2.      9.      0.      0.    238.    101.    10.    70.   1.00     29.      0.      1.      0.      9.      0.
  61     97.      0.     52.      0.    148.    169.   0.16   0.58   1.00   0.34     59.      0.      3.     11.      0.      0.    277.    115.    15.    93.   1.00     28.      0.      2.      0.     10.      0.
  71    144.      0.     74.      0.    219.    223.   0.21   0.83   1.00   0.35     76.      0.      6.     16.      0.      0.    324.    139.    30.   133.   1.00     24.      0.      6.      0.     14.      0.
  81    261.      0.    126.      0.    387.    295.   0.28   1.07   1.00   0.34     76.      0.     11.     21.      0.      0.    352.    143.    55.   195.   1.00     16.      0.     14.      0.     22.      0.
  91    317.      0.    158.      0.    475.    364.   0.35   1.19   1.00   0.34     99.      0.     18.     28.      0.      0.    402.    169.    82.   249.   1.00     15.      0.     15.      0.     23.      0.
 101    528.      0.    311.      0.    840.    460.   0.44   1.64   1.00   0.35    154.      0.     25.     37.     30.      0.    438.    187.   103.   287.   1.00      6.      0.     24.      0.     32.      0.
 111    682.      0.    451.      0.   1134.    526.   0.50   1.97   1.00   0.35    189.      0.     33.     43.     51.      0.    438.    187.   142.   347.   1.00     -2.      0.     32.      0.     41.      0.
 121    895.      0.    690.      0.   1584.    589.   0.56   2.42   1.00   0.34    195.      0.     46.     48.     51.      0.    425.    175.   196.   420.   1.00    -13.      0.     43.      0.     52.      0.
 131   1489.      0.   1861.      0.   3350.    719.   0.69   3.68   1.00   0.34    213.      0.     64.     53.     51.      0.    420.    170.   261.   498.   1.00    -10.      0.     75.      0.     83.      0.
 141   1714.      1.   2675.      0.   4390.    809.   0.77   4.15   1.00   0.35    260.      0.     79.     56.     65.      0.    435.    185.   312.   555.   1.00    -19.      0.     84.      0.     92.      0.
 151   1929.     66.   4565.      0.   6559.    943.   0.90   4.59   1.00   0.35    290.      0.    108.     60.     65.      0.    431.    181.   391.   640.   1.00    -39.      0.    104.      0.    112.      0.
 161   1836.    185.   5746.    603.   8371.   1076.   1.02   4.36   1.00   0.34    314.      0.    132.     63.     65.      0.    429.    179.   458.   712.   1.00    -46.      0.    111.      0.    118.      1.
 171   1419.    602.   5746.   3163.  10931.   1203.   1.15   3.37   1.00   0.33    332.      0.    158.     67.     65.      0.    416.    166.   545.   808.   1.00    -52.      0.    117.      0.    122.      3.
 181   1058.    963.   5746.   5070.  12838.   1351.   1.30   2.52   1.00   0.34    370.      0.    181.     73.     65.      0.    425.    175.   609.   886.   1.00    -69.      0.    134.      0.    138.      4.
 191    782.   1239.   5746.   6182.  13950.   1504.   1.45   1.86   1.00   0.34    404.      0.    196.     81.     74.      0.    430.    180.   650.   941.   1.00    -69.      0.    134.      0.    137.      5.
 201    564.   1457.   5090.   7674.  15441.   1672.   1.62   1.34   1.00   0.33    411.      0.    215.     90.     74.      0.    407.    157.   718.  1052.   1.00    -69.      0.    134.      0.    135.      8.
 211    391.   1630.   4159.   8197.  15965.   1867.   1.82   0.93   1.00   0.35    480.      0.    227.    100.     91.      0.    438.    187.   752.  1119.   1.00    -69.      0.    134.      0.    132.     10.
 221    282.   1740.   3398.   8420.  16187.   2034.   1.98   0.67   1.00   0.34    488.      0.    235.    113.     91.      0.    424.    174.   779.  1190.   1.00    -69.      0.    134.      0.    130.     13.
 223    271.   1750.   3330.   8428.  16196.   2055.   2.00   0.65   1.00   0.35    506.      0.    235.    115.     93.      0.    437.    187.   781.  1195.   1.00    -69.      0.    134.      0.    130.     13.


DATA-FILE  WAGI1PTS.OUT


Name of run: WAGI1


Station=  WAGE , Soil=  1, Crop=  1,    Irr.=  1, IOPT=  1, Runof=0.00, CO2=370.

 Planting on day   0, 1973
 Crop emergence on day   1, 1973
 Wageningen, irrig.,wheat var.1, RUE=3.0                                         

 Crop PRODUCTION AND SOIL WATER STATUS
 =======================================
 DAY   WLVG    WLVD    WST    WSO     TAGB    TSUML   DVS     LAI  TRANRF  SMACT  TRAIN   TIRR  TTRANS   TESOIL    TDRAIN  TRUNOF   WTOT  WAVT   PARAB    PAR    NNI   NMINT    NMIN    NUPT    NFIX    NLIV    NLOSS   
   1     68.      0.     37.      0.    105.      0.   0.00   0.14   1.00   0.30      0.      0.      0.      0.      0.      0.     30.     10.     0.     0.   1.00      0.     30.      0.      0.      8.      0.
  11     69.      0.     37.      0.    105.     20.   0.02   0.17   1.00   0.31      1.      0.      0.      0.      0.      0.     64.     22.     1.     8.   1.00      7.     22.      0.      0.      9.      0.
  21     69.      0.     37.      0.    107.     41.   0.04   0.20   1.00   0.31      6.      0.      0.      1.      0.      0.    103.     37.     2.    18.   1.00     15.     15.      0.      0.      9.      0.
  31     73.      0.     39.      0.    112.     82.   0.08   0.28   1.00   0.35     26.      0.      0.      3.      0.      0.    156.     67.     3.    31.   1.00     22.      8.      0.      0.      9.      0.
  41     77.      0.     41.      0.    118.    119.   0.11   0.38   1.00   0.35     39.      0.      1.      5.      0.      0.    198.     85.     6.    43.   1.00     30.      0.      0.      0.      9.      0.
  51     77.      0.     42.      0.    119.    141.   0.13   0.46   1.00   0.35     85.      0.      2.      8.     13.      0.    241.    103.    10.    63.   1.00     30.      0.      0.      0.      9.      0.
  61     81.      0.     43.      0.    124.    169.   0.16   0.57   1.00   0.35     99.      0.      3.     11.     22.      0.    283.    121.    19.    95.   1.00     29.      0.      1.      0.      9.      0.
  71    108.      0.     56.      0.    164.    219.   0.21   0.77   1.00   0.35    110.      0.      4.     15.     30.      0.    323.    137.    32.   133.   1.00     27.      0.      3.      0.     11.      0.
  81    131.      0.     66.      0.    197.    260.   0.25   0.82   1.00   0.35    112.      0.      7.     19.     30.      0.    362.    152.    50.   181.   1.00     27.      0.      3.      0.     12.      0.
  91    160.      0.     80.      0.    240.    324.   0.31   0.88   1.00   0.35    119.      0.     10.     22.     30.      0.    403.    170.    73.   239.   1.00     25.      0.      5.      0.     13.      0.
 101    206.      0.    107.      0.    312.    370.   0.35   0.98   1.00   0.35    169.      0.     16.     33.     60.      0.    435.    185.    96.   292.   1.00     22.      0.      8.      0.     16.      0.
 111    318.      0.    182.      0.    500.    425.   0.40   1.22   1.00   0.35    186.      0.     21.     41.     62.      0.    436.    186.   125.   354.   1.00     17.      0.     13.      0.     21.      0.
 121    595.      0.    406.      0.   1002.    500.   0.48   1.81   1.00   0.35    199.      0.     31.     47.     63.      0.    433.    183.   169.   429.   1.00      1.      0.     29.      0.     37.      0.
 131   1013.      0.    883.      0.   1896.    606.   0.58   2.69   1.00   0.35    225.      0.     43.     55.     67.      0.    435.    185.   211.   488.   1.00     17.      0.     48.      0.     57.      0.
 141   1490.      0.   1844.      0.   3334.    711.   0.68   3.70   1.00   0.33    234.      0.     67.     59.     67.      0.    416.    166.   296.   589.   1.00     -7.      0.     72.      0.     80.      0.
 151   1942.     36.   3706.      0.   5684.    861.   0.82   4.65   1.00   0.32    255.      0.     95.     64.     67.      0.    405.    155.   379.   679.   1.00    -37.      0.    102.      0.    110.      0.
 161   1977.    137.   5693.      0.   7807.    991.   0.94   4.70   1.00   0.32    272.      0.    119.     66.     67.      0.    395.    145.   460.   765.   1.00    -50.      0.    115.      0.    123.      1.
 171   1629.    485.   6265.   2368.  10747.   1139.   1.09   3.87   1.00   0.29    272.      0.    151.     67.     67.      0.    363.    113.   562.   875.   1.00    -55.      0.    120.      0.    126.      2.
 181   1129.    986.   6265.   5259.  13638.   1334.   1.28   2.68   1.00   0.31    285.     60.    187.     75.     67.      0.    391.    141.   658.   987.   1.00    -72.      0.    137.      0.    142.      4.
 191    788.   1327.   6265.   7696.  16075.   1525.   1.47   1.87   1.00   0.28    285.     60.    216.     82.     67.      0.    356.    106.   746.  1104.   1.00    -75.      0.    140.      0.    143.      5.
 201    564.   1550.   5330.   8665.  17044.   1696.   1.65   1.34   1.00   0.28    310.     60.    232.     95.     67.      0.    352.    102.   792.  1178.   1.00    -75.      0.    140.      0.    140.      9.
 211    414.   1700.   4355.   9130.  17509.   1851.   1.80   0.98   1.00   0.28    335.     60.    243.    109.     67.      0.    352.    102.   823.  1240.   1.00    -75.      0.    140.      0.    137.     11.
 221    295.   1820.   3558.   9365.  17744.   2027.   1.98   0.70   1.00   0.28    361.     60.    252.    126.     67.      0.    352.    102.   851.  1310.   1.00    -75.      0.    140.      0.    134.     14.
 224    276.   1838.   3417.   9397.  17776.   2060.   2.01   0.66   1.00   0.28    361.     60.    254.    128.     67.      0.    348.     98.   858.  1331.   1.00    -75.      0.    140.      0.    134.     14.


DATA-FILE  WAGI1PTS.OUT


Name of run: WAGI1


Station=  WAGE , Soil=  1, Crop=  1,    Irr.=  1, IOPT=  1, Runof=0.00, CO2=370.

 Planting on day   0, 1974
 Crop emergence on day   1, 1974
 Wageningen, irrig.,wheat var.1, RUE=3.0                                         

 Crop PRODUCTION AND SOIL WATER STATUS
 =======================================
 DAY   WLVG    WLVD    WST    WSO     TAGB    TSUML   DVS     LAI  TRANRF  SMACT  TRAIN   TIRR  TTRANS   TESOIL    TDRAIN  TRUNOF   WTOT  WAVT   PARAB    PAR    NNI   NMINT    NMIN    NUPT    NFIX    NLIV    NLOSS   
   1     68.      0.     37.      0.    105.      0.   0.00   0.14   1.00   0.30      0.      0.      0.      0.      0.      0.     30.     10.     0.     0.   1.00      0.     30.      0.      0.      8.      0.
  11     70.      0.     38.      0.    107.     32.   0.03   0.19   1.00   0.35     23.      0.      0.      2.      0.      0.     72.     31.     1.    10.   1.00      7.     22.      0.      0.      8.      0.
  21     76.      0.     41.      0.    116.    111.   0.11   0.36   1.00   0.34     43.      0.      1.      9.      0.      0.    112.     46.     2.    18.   1.00     15.     15.      0.      0.      9.      0.
  31     83.      0.     45.      0.    128.    160.   0.15   0.53   1.00   0.35     59.      0.      2.     12.      0.      0.    157.     67.     5.    30.   1.00     22.      8.      1.      0.      9.      0.
  41     95.      0.     50.      0.    146.    206.   0.20   0.78   1.00   0.35     82.      0.      3.     15.      1.      0.    199.     85.    10.    46.   1.00     29.      0.      1.      0.     10.      0.
  51    146.      0.     73.      0.    219.    276.   0.26   0.89   1.00   0.34     84.      0.      6.     19.      1.      0.    236.     98.    19.    70.   1.00     25.      0.      5.      0.     13.      0.
  61    148.      0.     74.      0.    222.    300.   0.29   0.89   1.00   0.35     93.      0.      8.     21.      2.      0.    283.    121.    34.   106.   1.00     25.      0.      5.      0.     13.      0.
  71    156.      0.     78.      0.    234.    323.   0.31   0.91   1.00   0.35    108.      0.     10.     24.     14.      0.    322.    137.    46.   135.   1.00     25.      0.      5.      0.     13.      0.
  81    211.      0.    110.      0.    321.    381.   0.36   1.03   1.00   0.35    142.      0.     14.     30.     37.      0.    366.    156.    61.   169.   1.00     22.      0.      8.      0.     16.      0.
  91    401.      0.    246.      0.    647.    467.   0.44   1.43   1.00   0.34    144.      0.     19.     34.     37.      0.    399.    166.    90.   225.   1.00     12.      0.     18.      0.     26.      0.
 101    969.      0.    819.      0.   1788.    583.   0.56   2.63   1.00   0.33    144.      0.     33.     37.     37.      0.    411.    161.   151.   312.   1.00    -17.      0.     47.      0.     55.      0.
 111   1100.      0.   1004.      0.   2103.    652.   0.62   2.91   1.00   0.32    144.      0.     48.     38.     37.      0.    395.    145.   225.   403.   1.00    -25.      0.     55.      0.     63.      0.
 121   1197.      0.   1235.      0.   2432.    718.   0.68   3.12   1.00   0.31    153.      0.     61.     41.     37.      0.    389.    139.   280.   469.   1.00    -26.      0.     56.      0.     65.      0.
 131   1407.      0.   1934.      0.   3341.    805.   0.77   3.56   1.00   0.30    157.      0.     76.     43.     37.      0.    376.    126.   331.   527.   1.00     -1.      0.     66.      0.     74.      0.
 141   1714.      5.   4177.      0.   5896.    946.   0.90   4.21   1.00   0.30    187.      0.    105.     46.     37.      0.    374.    124.   421.   628.   1.00    -24.      0.     89.      0.     97.      0.
 151   1683.     62.   5653.    478.   7875.   1059.   1.01   4.13   1.00   0.29    204.      0.    131.     50.     37.      0.    361.    111.   511.   725.   1.00    -34.      0.     99.      0.    107.      0.
 161   1323.    422.   5653.   2459.   9856.   1179.   1.13   3.24   1.00   0.30    244.      0.    155.     54.     37.      0.    372.    122.   590.   814.   1.00    -40.      0.    105.      0.    111.      2.
 171    983.    762.   5653.   4993.  12391.   1331.   1.28   2.41   1.00   0.28    255.      0.    181.     60.     37.      0.    352.    102.   678.   921.   1.00    -57.      0.    122.      0.    127.      3.
 181    716.   1028.   5653.   6873.  14271.   1491.   1.44   1.76   1.00   0.27    274.      0.    199.     68.     37.      0.    343.     93.   744.  1012.   1.00    -62.      0.    127.      0.    131.      4.
 191    531.   1214.   5109.   7884.  15281.   1639.   1.59   1.30   1.00   0.29    312.      0.    213.     79.     37.      0.    357.    107.   789.  1088.   1.00    -62.      0.    127.      0.    129.      6.
 201    397.   1348.   4175.   8504.  15901.   1784.   1.73   0.97   1.00   0.28    328.      0.    224.     92.     37.      0.    349.     99.   825.  1161.   1.00    -62.      0.    127.      0.    126.      9.
 211    293.   1451.   3411.   8850.  16247.   1936.   1.89   0.72   1.00   0.27    339.      0.    233.    104.     37.      0.    340.     90.   855.  1236.   1.00    -62.      0.    127.      0.    124.     11.
 220    231.   1514.   2902.   8957.  16354.   2058.   2.01   0.57   1.00   0.27    348.      0.    238.    111.     37.      0.    336.     86.   872.  1290.   1.00    -62.      0.    127.      0.    123.     13.
